Component: ARM Compiler 5.06 update 6 (build 750) Tool: armlink [4d35ed]

==============================================================================

Section Cross References

    startup_stm32f40_41xxx.o(RESET) refers to startup_stm32f40_41xxx.o(STACK) for __initial_sp
    startup_stm32f40_41xxx.o(RESET) refers to startup_stm32f40_41xxx.o(.text) for Reset_Handler
    startup_stm32f40_41xxx.o(RESET) refers to stm32f4xx_it.o(.text) for NMI_Handler
    startup_stm32f40_41xxx.o(RESET) refers to tm_stm32f4_exti.o(.text) for EXTI0_IRQHandler
    startup_stm32f40_41xxx.o(RESET) refers to tm_stm32f4_dma.o(.text) for DMA1_Stream0_IRQHandler
    startup_stm32f40_41xxx.o(RESET) refers to main.o(.text) for TIM1_BRK_TIM9_IRQHandler
    startup_stm32f40_41xxx.o(RESET) refers to tm_stm32f4_usart.o(.text) for USART1_IRQHandler
    startup_stm32f40_41xxx.o(.text) refers to system_stm32f4xx.o(.text) for SystemInit
    startup_stm32f40_41xxx.o(.text) refers to entry.o(.ARM.Collect$$$$00000000) for __main
    stm32f4xx_rcc.o(.text) refers to stm32f4xx_rcc.o(.data) for .data
    stm32f4xx_gpio.o(.text) refers to stm32f4xx_rcc.o(.text) for RCC_AHB1PeriphResetCmd
    stm32f4xx_usart.o(.text) refers to stm32f4xx_rcc.o(.text) for RCC_APB2PeriphResetCmd
    stm32f4xx_tim.o(.text) refers to stm32f4xx_rcc.o(.text) for RCC_APB2PeriphResetCmd
    stm32f4xx_i2c.o(.text) refers to stm32f4xx_rcc.o(.text) for RCC_APB1PeriphResetCmd
    stm32f4xx_adc.o(.text) refers to stm32f4xx_rcc.o(.text) for RCC_APB2PeriphResetCmd
    tm_stm32f4_delay.o(.text) refers to malloc.o(i.malloc) for malloc
    tm_stm32f4_delay.o(.text) refers to malloc.o(i.free) for free
    tm_stm32f4_delay.o(.text) refers to tm_stm32f4_delay.o(.data) for .data
    tm_stm32f4_delay.o(.text) refers to tm_stm32f4_delay.o(.bss) for .bss
    tm_stm32f4_delay.o(.text) refers to system_stm32f4xx.o(.data) for SystemCoreClock
    tm_stm32f4_usart.o(.text) refers to tm_stm32f4_gpio.o(.text) for TM_GPIO_InitAlternate
    tm_stm32f4_usart.o(.text) refers to stm32f4xx_usart.o(.text) for USART_DeInit
    tm_stm32f4_usart.o(.text) refers to misc.o(.text) for NVIC_Init
    tm_stm32f4_usart.o(.text) refers to tm_stm32f4_usart.o(.data) for .data
    tm_stm32f4_usart.o(.data) refers to tm_stm32f4_usart.o(.bss) for TM_USART1_Buffer
    tm_stm32f4_usart.o(.data) refers to tm_stm32f4_usart.o(.bss) for TM_USART2_Buffer
    tm_stm32f4_usart.o(.data) refers to tm_stm32f4_usart.o(.bss) for TM_USART3_Buffer
    tm_stm32f4_usart.o(.data) refers to tm_stm32f4_usart.o(.bss) for TM_UART4_Buffer
    tm_stm32f4_usart.o(.data) refers to tm_stm32f4_usart.o(.bss) for TM_UART5_Buffer
    tm_stm32f4_usart.o(.data) refers to tm_stm32f4_usart.o(.bss) for TM_USART6_Buffer
    tm_stm32f4_gpio.o(.text) refers to tm_stm32f4_gpio.o(.bss) for .bss
    tm_stm32f4_pwm.o(.text) refers to tm_stm32f4_timer_properties.o(.text) for TM_TIMER_PROPERTIES_GetTimerProperties
    tm_stm32f4_pwm.o(.text) refers to dfltui.o(.text) for __aeabi_ui2d
    tm_stm32f4_pwm.o(.text) refers to cdcmple.o(.text) for __aeabi_cdcmple
    tm_stm32f4_pwm.o(.text) refers to dfixui.o(.text) for __aeabi_d2uiz
    tm_stm32f4_pwm.o(.text) refers to ddiv.o(.text) for __aeabi_ddiv
    tm_stm32f4_pwm.o(.text) refers to stm32f4xx_tim.o(.text) for TIM_TimeBaseInit
    tm_stm32f4_pwm.o(.text) refers to tm_stm32f4_gpio.o(.text) for TM_GPIO_InitAlternate
    tm_stm32f4_pwmin.o(.text) refers to tm_stm32f4_gpio.o(.text) for TM_GPIO_InitAlternate
    tm_stm32f4_pwmin.o(.text) refers to tm_stm32f4_timer_properties.o(.text) for TM_TIMER_PROPERTIES_GetTimerProperties
    tm_stm32f4_pwmin.o(.text) refers to f2d.o(.text) for __aeabi_f2d
    tm_stm32f4_pwmin.o(.text) refers to stm32f4xx_tim.o(.text) for TIM_TimeBaseStructInit
    tm_stm32f4_pwmin.o(.text) refers to misc.o(.text) for NVIC_Init
    tm_stm32f4_pwmin.o(.text) refers to tm_stm32f4_pwmin.o(.data) for .data
    tm_stm32f4_timer_properties.o(.text) refers to stm32f4xx_rcc.o(.text) for RCC_GetClocksFreq
    tm_stm32f4_timer_properties.o(.text) refers to dfltui.o(.text) for __aeabi_ui2d
    tm_stm32f4_timer_properties.o(.text) refers to cdcmple.o(.text) for __aeabi_cdcmple
    tm_stm32f4_timer_properties.o(.text) refers to ddiv.o(.text) for __aeabi_ddiv
    tm_stm32f4_timer_properties.o(.text) refers to dfixui.o(.text) for __aeabi_d2uiz
    tm_stm32f4_dma.o(.text) refers to misc.o(.text) for NVIC_Init
    tm_stm32f4_dma.o(.text) refers to tm_stm32f4_dma.o(.constdata) for .constdata
    tm_stm32f4_usart_dma.o(.text) refers to tm_stm32f4_dma.o(.text) for TM_DMA_ClearFlags
    tm_stm32f4_usart_dma.o(.text) refers to stm32f4xx_dma.o(.text) for DMA_DeInit
    tm_stm32f4_usart_dma.o(.text) refers to strlen.o(.text) for strlen
    tm_stm32f4_usart_dma.o(.text) refers to tm_stm32f4_usart_dma.o(.data) for .data
    tm_stm32f4_usart_dma.o(.text) refers to tm_stm32f4_usart_dma.o(.bss) for .bss
[...]
    RCC_DeInit                               0x08000271   Thumb Code    68  stm32f4xx_rcc.o(.text)
    RCC_HSEConfig                            0x080002b5   Thumb Code    12  stm32f4xx_rcc.o(.text)
    RCC_GetFlagStatus                        0x080002c1   Thumb Code    46  stm32f4xx_rcc.o(.text)
    RCC_WaitForHSEStartUp                    0x080002ef   Thumb Code    44  stm32f4xx_rcc.o(.text)
    RCC_AdjustHSICalibrationValue            0x0800031b   Thumb Code    16  stm32f4xx_rcc.o(.text)
    RCC_HSICmd                               0x0800032b   Thumb Code     6  stm32f4xx_rcc.o(.text)
    RCC_LSEConfig                            0x08000331   Thumb Code    24  stm32f4xx_rcc.o(.text)
    RCC_LSICmd                               0x08000349   Thumb Code     6  stm32f4xx_rcc.o(.text)
    RCC_PLLConfig                            0x0800034f   Thumb Code    32  stm32f4xx_rcc.o(.text)
    RCC_PLLCmd                               0x0800036f   Thumb Code     6  stm32f4xx_rcc.o(.text)
    RCC_PLLI2SConfig                         0x08000375   Thumb Code    14  stm32f4xx_rcc.o(.text)
    RCC_PLLI2SCmd                            0x08000383   Thumb Code     6  stm32f4xx_rcc.o(.text)
    RCC_PLLSAIConfig                         0x08000389   Thumb Code    18  stm32f4xx_rcc.o(.text)
    RCC_PLLSAICmd                            0x0800039b   Thumb Code     6  stm32f4xx_rcc.o(.text)
    RCC_ClockSecuritySystemCmd               0x080003a1   Thumb Code     6  stm32f4xx_rcc.o(.text)
    RCC_MCO1Config                           0x080003a7   Thumb Code    18  stm32f4xx_rcc.o(.text)
    RCC_MCO2Config                           0x080003b9   Thumb Code    18  stm32f4xx_rcc.o(.text)
    RCC_SYSCLKConfig                         0x080003cb   Thumb Code    16  stm32f4xx_rcc.o(.text)
    RCC_GetSYSCLKSource                      0x080003db   Thumb Code    12  stm32f4xx_rcc.o(.text)
    RCC_HCLKConfig                           0x080003e7   Thumb Code    16  stm32f4xx_rcc.o(.text)
    RCC_PCLK1Config                          0x080003f7   Thumb Code    16  stm32f4xx_rcc.o(.text)
    RCC_PCLK2Config                          0x08000407   Thumb Code    18  stm32f4xx_rcc.o(.text)
    RCC_GetClocksFreq                        0x08000419   Thumb Code   134  stm32f4xx_rcc.o(.text)
    RCC_RTCCLKConfig                         0x0800049f   Thumb Code    42  stm32f4xx_rcc.o(.text)
    RCC_RTCCLKCmd                            0x080004c9   Thumb Code     8  stm32f4xx_rcc.o(.text)
    RCC_BackupResetCmd                       0x080004d1   Thumb Code     8  stm32f4xx_rcc.o(.text)
    RCC_I2SCLKConfig                         0x080004d9   Thumb Code     8  stm32f4xx_rcc.o(.text)
    RCC_SAIBlockACLKConfig                   0x080004e1   Thumb Code    16  stm32f4xx_rcc.o(.text)
    RCC_SAIBlockBCLKConfig                   0x080004f1   Thumb Code    16  stm32f4xx_rcc.o(.text)
    RCC_SAIPLLI2SClkDivConfig                0x08000501   Thumb Code    18  stm32f4xx_rcc.o(.text)
    RCC_SAIPLLSAIClkDivConfig                0x08000513   Thumb Code    24  stm32f4xx_rcc.o(.text)
    RCC_LTDCCLKDivConfig                     0x0800052b   Thumb Code    16  stm32f4xx_rcc.o(.text)
    RCC_TIMCLKPresConfig                     0x0800053b   Thumb Code     8  stm32f4xx_rcc.o(.text)
    RCC_AHB1PeriphClockCmd                   0x08000543   Thumb Code    20  stm32f4xx_rcc.o(.text)
    RCC_AHB2PeriphClockCmd                   0x08000557   Thumb Code    20  stm32f4xx_rcc.o(.text)
    RCC_AHB3PeriphClockCmd                   0x0800056b   Thumb Code    20  stm32f4xx_rcc.o(.text)
    RCC_APB1PeriphClockCmd                   0x0800057f   Thumb Code    20  stm32f4xx_rcc.o(.text)
    RCC_APB2PeriphClockCmd                   0x08000593   Thumb Code    20  stm32f4xx_rcc.o(.text)
    RCC_AHB1PeriphResetCmd                   0x080005a7   Thumb Code    20  stm32f4xx_rcc.o(.text)
    RCC_AHB2PeriphResetCmd                   0x080005bb   Thumb Code    20  stm32f4xx_rcc.o(.text)
    RCC_AHB3PeriphResetCmd                   0x080005cf   Thumb Code    20  stm32f4xx_rcc.o(.text)
    RCC_APB1PeriphResetCmd                   0x080005e3   Thumb Code    20  stm32f4xx_rcc.o(.text)
    RCC_APB2PeriphResetCmd                   0x080005f7   Thumb Code    20  stm32f4xx_rcc.o(.text)
    RCC_AHB1PeriphClockLPModeCmd             0x0800060b   Thumb Code    20  stm32f4xx_rcc.o(.text)
    RCC_AHB2PeriphClockLPModeCmd             0x0800061f   Thumb Code    20  stm32f4xx_rcc.o(.text)
    RCC_AHB3PeriphClockLPModeCmd             0x08000633   Thumb Code    20  stm32f4xx_rcc.o(.text)
    RCC_APB1PeriphClockLPModeCmd             0x08000647   Thumb Code    64  stm32f4xx_rcc.o(.text)
    RCC_APB2PeriphClockLPModeCmd             0x08000687   Thumb Code    18  stm32f4xx_rcc.o(.text)
    RCC_LSEModeConfig                        0x08000699   Thumb Code    24  stm32f4xx_rcc.o(.text)
    RCC_ITConfig                             0x080006b1   Thumb Code    20  stm32f4xx_rcc.o(.text)
    RCC_ClearFlag                            0x080006c5   Thumb Code    14  stm32f4xx_rcc.o(.text)
    RCC_GetITStatus                          0x080006d3   Thumb Code    18  stm32f4xx_rcc.o(.text)
    RCC_ClearITPendingBit                    0x080006e5   Thumb Code     8  stm32f4xx_rcc.o(.text)
    USART_DeInit                             0x080006f1   Thumb Code   138  stm32f4xx_usart.o(.text)
    USART_Init                               0x0800077b   Thumb Code   164  stm32f4xx_usart.o(.text)
    USART_StructInit                         0x0800081f   Thumb Code    22  stm32f4xx_usart.o(.text)
    USART_ClockInit                          0x08000835   Thumb Code    28  stm32f4xx_usart.o(.text)
    USART_ClockStructInit                    0x08000851   Thumb Code    12  stm32f4xx_usart.o(.text)
    USART_Cmd                                0x0800085d   Thumb Code    20  stm32f4xx_usart.o(.text)
    USART_SetPrescaler                       0x08000871   Thumb Code    16  stm32f4xx_usart.o(.text)
    USART_OverSampling8Cmd                   0x08000881   Thumb Code    20  stm32f4xx_usart.o(.text)
    USART_OneBitMethodCmd                    0x08000895   Thumb Code    20  stm32f4xx_usart.o(.text)
    USART_SendData                           0x080008a9   Thumb Code     8  stm32f4xx_usart.o(.text)
    USART_ReceiveData                        0x080008b1   Thumb Code     8  stm32f4xx_usart.o(.text)
    USART_SetAddress                         0x080008b9   Thumb Code    16  stm32f4xx_usart.o(.text)
    USART_ReceiverWakeUpCmd                  0x080008c9   Thumb Code    20  stm32f4xx_usart.o(.text)
    USART_WakeUpConfig                       0x080008dd   Thumb Code    16  stm32f4xx_usart.o(.text)
    USART_LINBreakDetectLengthConfig         0x080008ed   Thumb Code    16  stm32f4xx_usart.o(.text)
    USART_LINCmd                             0x080008fd   Thumb Code    20  stm32f4xx_usart.o(.text)
    USART_SendBreak                          0x08000911   Thumb Code    10  stm32f4xx_usart.o(.text)
    USART_HalfDuplexCmd                      0x0800091b   Thumb Code    20  stm32f4xx_usart.o(.text)
    USART_SetGuardTime                       0x0800092f   Thumb Code    16  stm32f4xx_usart.o(.text)
    USART_SmartCardCmd                       0x0800093f   Thumb Code    20  stm32f4xx_usart.o(.text)
    USART_SmartCardNACKCmd                   0x08000953   Thumb Code    20  stm32f4xx_usart.o(.text)
    USART_IrDAConfig                         0x08000967   Thumb Code    16  stm32f4xx_usart.o(.text)
    USART_IrDACmd                            0x08000977   Thumb Code    20  stm32f4xx_usart.o(.text)
    USART_DMACmd                             0x0800098b   Thumb Code    16  stm32f4xx_usart.o(.text)
    USART_ITConfig                           0x0800099b   Thumb Code    48  stm32f4xx_usart.o(.text)
    USART_GetFlagStatus                      0x080009cb   Thumb Code    14  stm32f4xx_usart.o(.text)
    USART_ClearFlag                          0x080009d9   Thumb Code     6  stm32f4xx_usart.o(.text)
    USART_GetITStatus                        0x080009df   Thumb Code    62  stm32f4xx_usart.o(.text)
    USART_ClearITPendingBit                  0x08000a1d   Thumb Code    12  stm32f4xx_usart.o(.text)
    TIM_DeInit                               0x08000a49   Thumb Code   284  stm32f4xx_tim.o(.text)
    TIM_TimeBaseInit                         0x08000b65   Thumb Code    96  stm32f4xx_tim.o(.text)
    TIM_TimeBaseStructInit                   0x08000bc5   Thumb Code    18  stm32f4xx_tim.o(.text)
    TIM_PrescalerConfig                      0x08000bd7   Thumb Code     6  stm32f4xx_tim.o(.text)
    TIM_CounterModeConfig                    0x08000bdd   Thumb Code    12  stm32f4xx_tim.o(.text)
    TIM_SetCounter                           0x08000be9   Thumb Code     4  stm32f4xx_tim.o(.text)
    TIM_SetAutoreload                        0x08000bed   Thumb Code     4  stm32f4xx_tim.o(.text)
    TIM_GetCounter                           0x08000bf1   Thumb Code     4  stm32f4xx_tim.o(.text)
    TIM_GetPrescaler                         0x08000bf5   Thumb Code     4  stm32f4xx_tim.o(.text)
    TIM_UpdateDisableConfig                  0x08000bf9   Thumb Code    20  stm32f4xx_tim.o(.text)
    TIM_UpdateRequestConfig                  0x08000c0d   Thumb Code    20  stm32f4xx_tim.o(.text)
    TIM_ARRPreloadConfig                     0x08000c21   Thumb Code    20  stm32f4xx_tim.o(.text)
    TIM_SelectOnePulseMode                   0x08000c35   Thumb Code    16  stm32f4xx_tim.o(.text)
    TIM_SetClockDivision                     0x08000c45   Thumb Code    16  stm32f4xx_tim.o(.text)
    TIM_Cmd                                  0x08000c55   Thumb Code    20  stm32f4xx_tim.o(.text)
    TIM_OC1Init                              0x08000c69   Thumb Code    88  stm32f4xx_tim.o(.text)
    TIM_OC2Init                              0x08000cc1   Thumb Code   120  stm32f4xx_tim.o(.text)
    TIM_OC3Init                              0x08000d39   Thumb Code   116  stm32f4xx_tim.o(.text)
    TIM_OC4Init                              0x08000dad   Thumb Code    88  stm32f4xx_tim.o(.text)
    TIM_OCStructInit                         0x08000e05   Thumb Code    20  stm32f4xx_tim.o(.text)
    TIM_SelectOCxM                           0x08000e19   Thumb Code   130  stm32f4xx_tim.o(.text)
    TIM_SetCompare1                          0x08000e9b   Thumb Code     4  stm32f4xx_tim.o(.text)
    TIM_SetCompare2                          0x08000e9f   Thumb Code     4  stm32f4xx_tim.o(.text)
    TIM_SetCompare3                          0x08000ea3   Thumb Code     4  stm32f4xx_tim.o(.text)
    TIM_SetCompare4                          0x08000ea7   Thumb Code     4  stm32f4xx_tim.o(.text)
    TIM_ForcedOC1Config                      0x08000eab   Thumb Code    12  stm32f4xx_tim.o(.text)
    TIM_ForcedOC2Config                      0x08000eb7   Thumb Code    20  stm32f4xx_tim.o(.text)
    TIM_ForcedOC3Config                      0x08000ecb   Thumb Code    12  stm32f4xx_tim.o(.text)
    TIM_ForcedOC4Config                      0x08000ed7   Thumb Code    20  stm32f4xx_tim.o(.text)
    TIM_OC1PreloadConfig                     0x08000eeb   Thumb Code    12  stm32f4xx_tim.o(.text)
    TIM_OC2PreloadConfig                     0x08000ef7   Thumb Code    20  stm32f4xx_tim.o(.text)
    TIM_OC3PreloadConfig                     0x08000f0b   Thumb Code    12  stm32f4xx_tim.o(.text)
    TIM_OC4PreloadConfig                     0x08000f17   Thumb Code    20  stm32f4xx_tim.o(.text)
    TIM_OC1FastConfig                        0x08000f2b   Thumb Code    12  stm32f4xx_tim.o(.text)
    TIM_OC2FastConfig                        0x08000f37   Thumb Code    20  stm32f4xx_tim.o(.text)
    TIM_OC3FastConfig                        0x08000f4b   Thumb Code    12  stm32f4xx_tim.o(.text)
    TIM_OC4FastConfig                        0x08000f57   Thumb Code    20  stm32f4xx_tim.o(.text)
    TIM_ClearOC1Ref                          0x08000f6b   Thumb Code    12  stm32f4xx_tim.o(.text)
    TIM_ClearOC2Ref                          0x08000f77   Thumb Code    20  stm32f4xx_tim.o(.text)
    TIM_ClearOC3Ref                          0x08000f8b   Thumb Code    12  stm32f4xx_tim.o(.text)
    TIM_ClearOC4Ref                          0x08000f97   Thumb Code    20  stm32f4xx_tim.o(.text)
    TIM_OC1PolarityConfig                    0x08000fab   Thumb Code    12  stm32f4xx_tim.o(.text)
    TIM_OC1NPolarityConfig                   0x08000fb7   Thumb Code    12  stm32f4xx_tim.o(.text)
    TIM_OC2PolarityConfig                    0x08000fc3   Thumb Code    20  stm32f4xx_tim.o(.text)
    TIM_OC2NPolarityConfig                   0x08000fd7   Thumb Code    20  stm32f4xx_tim.o(.text)
    TIM_OC3PolarityConfig                    0x08000feb   Thumb Code    20  stm32f4xx_tim.o(.text)
    TIM_OC3NPolarityConfig                   0x08000fff   Thumb Code    20  stm32f4xx_tim.o(.text)
    TIM_OC4PolarityConfig                    0x08001013   Thumb Code    20  stm32f4xx_tim.o(.text)
    TIM_CCxCmd                               0x08001027   Thumb Code    22  stm32f4xx_tim.o(.text)
    TIM_CCxNCmd                              0x0800103d   Thumb Code    22  stm32f4xx_tim.o(.text)
    TIM_SetIC4Prescaler                      0x08001053   Thumb Code    24  stm32f4xx_tim.o(.text)
    TIM_SetIC3Prescaler                      0x0800106b   Thumb Code    16  stm32f4xx_tim.o(.text)
    TIM_SetIC2Prescaler                      0x0800107b   Thumb Code    24  stm32f4xx_tim.o(.text)
    TIM_SetIC1Prescaler                      0x080010c9   Thumb Code    16  stm32f4xx_tim.o(.text)
    TIM_ICInit                               0x080010d9   Thumb Code   164  stm32f4xx_tim.o(.text)
    TIM_ICStructInit                         0x0800117d   Thumb Code    16  stm32f4xx_tim.o(.text)
    TIM_PWMIConfig                           0x0800118d   Thumb Code   104  stm32f4xx_tim.o(.text)
    TIM_GetCapture1                          0x080011f5   Thumb Code     4  stm32f4xx_tim.o(.text)
    TIM_GetCapture2                          0x080011f9   Thumb Code     4  stm32f4xx_tim.o(.text)
    TIM_GetCapture3                          0x080011fd   Thumb Code     4  stm32f4xx_tim.o(.text)
    TIM_GetCapture4                          0x08001201   Thumb Code     4  stm32f4xx_tim.o(.text)
    TIM_BDTRConfig                           0x08001205   Thumb Code    34  stm32f4xx_tim.o(.text)
    TIM_BDTRStructInit                       0x08001227   Thumb Code    18  stm32f4xx_tim.o(.text)
    TIM_CtrlPWMOutputs                       0x08001239   Thumb Code    22  stm32f4xx_tim.o(.text)
    TIM_SelectCOM                            0x0800124f   Thumb Code    20  stm32f4xx_tim.o(.text)
    TIM_CCPreloadControl                     0x08001263   Thumb Code    20  stm32f4xx_tim.o(.text)
    TIM_ITConfig                             0x08001277   Thumb Code    16  stm32f4xx_tim.o(.text)
    TIM_GenerateEvent                        0x08001287   Thumb Code     4  stm32f4xx_tim.o(.text)
    TIM_GetFlagStatus                        0x0800128b   Thumb Code    14  stm32f4xx_tim.o(.text)
    TIM_ClearFlag                            0x08001299   Thumb Code     6  stm32f4xx_tim.o(.text)
    TIM_GetITStatus                          0x0800129f   Thumb Code    24  stm32f4xx_tim.o(.text)
    TIM_ClearITPendingBit                    0x080012b7   Thumb Code     6  stm32f4xx_tim.o(.text)
    TIM_DMAConfig                            0x080012bd   Thumb Code     8  stm32f4xx_tim.o(.text)
    TIM_DMACmd                               0x080012c5   Thumb Code    16  stm32f4xx_tim.o(.text)
    TIM_SelectCCDMA                          0x080012d5   Thumb Code    20  stm32f4xx_tim.o(.text)
    TIM_InternalClockConfig                  0x080012e9   Thumb Code    10  stm32f4xx_tim.o(.text)
    TIM_SelectInputTrigger                   0x080012f3   Thumb Code    12  stm32f4xx_tim.o(.text)
    TIM_ITRxExternalClockConfig              0x080012ff   Thumb Code    18  stm32f4xx_tim.o(.text)
    TIM_TIxExternalClockConfig               0x08001311   Thumb Code    46  stm32f4xx_tim.o(.text)
    TIM_ETRConfig                            0x0800133f   Thumb Code    24  stm32f4xx_tim.o(.text)
    TIM_ETRClockMode1Config                  0x08001357   Thumb Code    18  stm32f4xx_tim.o(.text)
    TIM_ETRClockMode2Config                  0x08001369   Thumb Code    18  stm32f4xx_tim.o(.text)
    TIM_SelectOutputTrigger                  0x0800137b   Thumb Code    16  stm32f4xx_tim.o(.text)
    TIM_SelectSlaveMode                      0x0800138b   Thumb Code    16  stm32f4xx_tim.o(.text)
    TIM_SelectMasterSlaveMode                0x0800139b   Thumb Code    16  stm32f4xx_tim.o(.text)
    TIM_EncoderInterfaceConfig               0x080013ab   Thumb Code    50  stm32f4xx_tim.o(.text)
    TIM_SelectHallSensor                     0x080013dd   Thumb Code    20  stm32f4xx_tim.o(.text)
    TIM_RemapConfig                          0x080013f1   Thumb Code     6  stm32f4xx_tim.o(.text)
    I2C_DeInit                               0x08001425   Thumb Code    56  stm32f4xx_i2c.o(.text)
    I2C_Init                                 0x0800145d   Thumb Code   174  stm32f4xx_i2c.o(.text)
    I2C_StructInit                           0x0800150b   Thumb Code    28  stm32f4xx_i2c.o(.text)
    I2C_Cmd                                  0x08001527   Thumb Code    20  stm32f4xx_i2c.o(.text)
    I2C_AnalogFilterCmd                      0x0800153b   Thumb Code    20  stm32f4xx_i2c.o(.text)
    I2C_DigitalFilterConfig                  0x0800154f   Thumb Code    16  stm32f4xx_i2c.o(.text)
    I2C_GenerateSTART                        0x0800155f   Thumb Code    20  stm32f4xx_i2c.o(.text)
    I2C_GenerateSTOP                         0x08001573   Thumb Code    20  stm32f4xx_i2c.o(.text)
    I2C_Send7bitAddress                      0x08001587   Thumb Code    16  stm32f4xx_i2c.o(.text)
    I2C_AcknowledgeConfig                    0x08001597   Thumb Code    20  stm32f4xx_i2c.o(.text)
    I2C_OwnAddress2Config                    0x080015ab   Thumb Code    16  stm32f4xx_i2c.o(.text)
    I2C_DualAddressCmd                       0x080015bb   Thumb Code    20  stm32f4xx_i2c.o(.text)
    I2C_GeneralCallCmd                       0x080015cf   Thumb Code    20  stm32f4xx_i2c.o(.text)
    I2C_SoftwareResetCmd                     0x080015e3   Thumb Code    20  stm32f4xx_i2c.o(.text)
    I2C_StretchClockCmd                      0x080015f7   Thumb Code    20  stm32f4xx_i2c.o(.text)
    I2C_FastModeDutyCycleConfig              0x0800160b   Thumb Code    22  stm32f4xx_i2c.o(.text)
    I2C_NACKPositionConfig                   0x08001621   Thumb Code    22  stm32f4xx_i2c.o(.text)
    I2C_SMBusAlertConfig                     0x08001637   Thumb Code    22  stm32f4xx_i2c.o(.text)
    I2C_ARPCmd                               0x0800164d   Thumb Code    20  stm32f4xx_i2c.o(.text)
    I2C_SendData                             0x08001661   Thumb Code     4  stm32f4xx_i2c.o(.text)
    I2C_ReceiveData                          0x08001665   Thumb Code     6  stm32f4xx_i2c.o(.text)
    I2C_TransmitPEC                          0x0800166b   Thumb Code    20  stm32f4xx_i2c.o(.text)
    I2C_PECPositionConfig                    0x0800167f   Thumb Code    22  stm32f4xx_i2c.o(.text)
    I2C_CalculatePEC                         0x08001695   Thumb Code    20  stm32f4xx_i2c.o(.text)
    I2C_GetPEC                               0x080016a9   Thumb Code     6  stm32f4xx_i2c.o(.text)
    I2C_DMACmd                               0x080016af   Thumb Code    20  stm32f4xx_i2c.o(.text)
    I2C_DMALastTransferCmd                   0x080016c3   Thumb Code    20  stm32f4xx_i2c.o(.text)
    I2C_ReadRegister                         0x080016d7   Thumb Code    10  stm32f4xx_i2c.o(.text)
    I2C_ITConfig                             0x080016e1   Thumb Code    16  stm32f4xx_i2c.o(.text)
    I2C_CheckEvent                           0x080016f1   Thumb Code    24  stm32f4xx_i2c.o(.text)
    I2C_GetLastEvent                         0x08001709   Thumb Code    14  stm32f4xx_i2c.o(.text)
    I2C_GetFlagStatus                        0x08001717   Thumb Code    42  stm32f4xx_i2c.o(.text)
    I2C_ClearFlag                            0x08001741   Thumb Code     6  stm32f4xx_i2c.o(.text)
    I2C_GetITStatus                          0x08001747   Thumb Code    36  stm32f4xx_i2c.o(.text)
    I2C_ClearITPendingBit                    0x0800176b   Thumb Code     6  stm32f4xx_i2c.o(.text)
    ADC_DeInit                               0x08001785   Thumb Code    24  stm32f4xx_adc.o(.text)
    ADC_Init                                 0x0800179d   Thumb Code    66  stm32f4xx_adc.o(.text)
    ADC_StructInit                           0x080017df   Thumb Code    20  stm32f4xx_adc.o(.text)
    ADC_CommonInit                           0x080017f3   Thumb Code    34  stm32f4xx_adc.o(.text)
    ADC_CommonStructInit                     0x08001815   Thumb Code    12  stm32f4xx_adc.o(.text)
    ADC_Cmd                                  0x08001821   Thumb Code    20  stm32f4xx_adc.o(.text)
    ADC_AnalogWatchdogCmd                    0x08001835   Thumb Code    12  stm32f4xx_adc.o(.text)
    ADC_AnalogWatchdogThresholdsConfig       0x08001841   Thumb Code     6  stm32f4xx_adc.o(.text)
    ADC_AnalogWatchdogSingleChannelConfig    0x08001847   Thumb Code    12  stm32f4xx_adc.o(.text)
    ADC_TempSensorVrefintCmd                 0x08001853   Thumb Code    26  stm32f4xx_adc.o(.text)
    ADC_VBATCmd                              0x0800186d   Thumb Code    26  stm32f4xx_adc.o(.text)
    ADC_RegularChannelConfig                 0x08001887   Thumb Code   116  stm32f4xx_adc.o(.text)
    ADC_SoftwareStartConv                    0x080018fb   Thumb Code    10  stm32f4xx_adc.o(.text)
    ADC_GetSoftwareStartConvStatus           0x08001905   Thumb Code    14  stm32f4xx_adc.o(.text)
    ADC_EOCOnEachRegularChannelCmd           0x08001913   Thumb Code    20  stm32f4xx_adc.o(.text)
    ADC_ContinuousModeCmd                    0x08001927   Thumb Code    20  stm32f4xx_adc.o(.text)
    ADC_DiscModeChannelCountConfig           0x0800193b   Thumb Code    16  stm32f4xx_adc.o(.text)
    ADC_DiscModeCmd                          0x0800194b   Thumb Code    20  stm32f4xx_adc.o(.text)
    ADC_GetConversionValue                   0x0800195f   Thumb Code     6  stm32f4xx_adc.o(.text)
    ADC_GetMultiModeConversionValue          0x08001965   Thumb Code     8  stm32f4xx_adc.o(.text)
    ADC_DMACmd                               0x0800196d   Thumb Code    20  stm32f4xx_adc.o(.text)
    ADC_DMARequestAfterLastTransferCmd       0x08001981   Thumb Code    20  stm32f4xx_adc.o(.text)
    ADC_MultiModeDMARequestAfterLastTransferCmd 0x08001995   Thumb Code    26  stm32f4xx_adc.o(.text)
    ADC_InjectedChannelConfig                0x080019af   Thumb Code    74  stm32f4xx_adc.o(.text)
    ADC_InjectedSequencerLengthConfig        0x080019f9   Thumb Code    16  stm32f4xx_adc.o(.text)
    ADC_SetInjectedOffset                    0x08001a09   Thumb Code    10  stm32f4xx_adc.o(.text)
    ADC_ExternalTrigInjectedConvConfig       0x08001a13   Thumb Code    12  stm32f4xx_adc.o(.text)
    ADC_ExternalTrigInjectedConvEdgeConfig   0x08001a1f   Thumb Code    12  stm32f4xx_adc.o(.text)
    ADC_SoftwareStartInjectedConv            0x08001a2b   Thumb Code    10  stm32f4xx_adc.o(.text)
    ADC_GetSoftwareStartInjectedConvCmdStatus 0x08001a35   Thumb Code    14  stm32f4xx_adc.o(.text)
    ADC_AutoInjectedConvCmd                  0x08001a43   Thumb Code    20  stm32f4xx_adc.o(.text)
    ADC_InjectedDiscModeCmd                  0x08001a57   Thumb Code    20  stm32f4xx_adc.o(.text)
    ADC_GetInjectedConversionValue           0x08001a6b   Thumb Code    14  stm32f4xx_adc.o(.text)
    ADC_ITConfig                             0x08001a79   Thumb Code    18  stm32f4xx_adc.o(.text)
    ADC_GetFlagStatus                        0x08001a8b   Thumb Code    14  stm32f4xx_adc.o(.text)
    ADC_ClearFlag                            0x08001a99   Thumb Code     6  stm32f4xx_adc.o(.text)
    ADC_GetITStatus                          0x08001a9f   Thumb Code    30  stm32f4xx_adc.o(.text)
    ADC_ClearITPendingBit                    0x08001abd   Thumb Code     8  stm32f4xx_adc.o(.text)
    TimingDelay_Decrement                    0x08001ad9   Thumb Code    88  tm_stm32f4_delay.o(.text)
    TM_DELAY_Init                            0x08001b31   Thumb Code    60  tm_stm32f4_delay.o(.text)
    TM_DELAY_EnableDelayTimer                0x08001b6d   Thumb Code    22  tm_stm32f4_delay.o(.text)
    TM_DELAY_DisableDelayTimer               0x08001b83   Thumb Code    14  tm_stm32f4_delay.o(.text)
    TM_DELAY_TimerCreate                     0x08001b91   Thumb Code    68  tm_stm32f4_delay.o(.text)
    TM_DELAY_TimerDelete                     0x08001bd5   Thumb Code    86  tm_stm32f4_delay.o(.text)
    TM_DELAY_TimerStop                       0x08001c2b   Thumb Code     6  tm_stm32f4_delay.o(.text)
    TM_DELAY_TimerStart                      0x08001c31   Thumb Code     6  tm_stm32f4_delay.o(.text)
    TM_DELAY_TimerReset                      0x08001c37   Thumb Code     6  tm_stm32f4_delay.o(.text)
    TM_DELAY_TimerAutoReload                 0x08001c3d   Thumb Code     4  tm_stm32f4_delay.o(.text)
    TM_DELAY_TimerAutoReloadValue            0x08001c41   Thumb Code     4  tm_stm32f4_delay.o(.text)
    TM_USART_INT_GetSubPriority              0x08001c59   Thumb Code    52  tm_stm32f4_usart.o(.text)
    TM_USART_InitCustomPinsCallback          0x08001c8d   Thumb Code     2  tm_stm32f4_usart.o(.text)
    TM_USART6_InitPins                       0x08001c8f   Thumb Code    60  tm_stm32f4_usart.o(.text)
    TM_UART5_InitPins                        0x08001ccb   Thumb Code    56  tm_stm32f4_usart.o(.text)
    TM_UART4_InitPins                        0x08001d03   Thumb Code    60  tm_stm32f4_usart.o(.text)
    TM_USART3_InitPins                       0x08001d3f   Thumb Code    76  tm_stm32f4_usart.o(.text)
    TM_USART2_InitPins                       0x08001d8b   Thumb Code    58  tm_stm32f4_usart.o(.text)
    TM_USART1_InitPins                       0x08001dc5   Thumb Code    60  tm_stm32f4_usart.o(.text)
    TM_USART_INT_GetUsart                    0x08001e01   Thumb Code    62  tm_stm32f4_usart.o(.text)
    TM_USART_Init                            0x08001f69   Thumb Code   158  tm_stm32f4_usart.o(.text)
    TM_USART_InitWithFlowControl             0x08002007   Thumb Code   212  tm_stm32f4_usart.o(.text)
    TM_USART_Getc                            0x080020db   Thumb Code    52  tm_stm32f4_usart.o(.text)
    TM_USART_FindCharacter                   0x0800210f   Thumb Code    50  tm_stm32f4_usart.o(.text)
    TM_USART_Gets                            0x08002141   Thumb Code    78  tm_stm32f4_usart.o(.text)
    TM_USART_BufferEmpty                     0x0800218f   Thumb Code    26  tm_stm32f4_usart.o(.text)
    TM_USART_BufferFull                      0x080021a9   Thumb Code    22  tm_stm32f4_usart.o(.text)
    TM_USART_ClearBuffer                     0x080021bf   Thumb Code    16  tm_stm32f4_usart.o(.text)
    TM_USART_SetCustomStringEndCharacter     0x080021cf   Thumb Code    12  tm_stm32f4_usart.o(.text)
    TM_USART_Puts                            0x080021db   Thumb Code    42  tm_stm32f4_usart.o(.text)
    TM_USART_Send                            0x08002205   Thumb Code    48  tm_stm32f4_usart.o(.text)
    TM_USART_INT_InsertToBuffer              0x08002235   Thumb Code    38  tm_stm32f4_usart.o(.text)
    USART1_IRQHandler                        0x0800225b   Thumb Code    18  tm_stm32f4_usart.o(.text)
    USART3_IRQHandler                        0x0800226d   Thumb Code    24  tm_stm32f4_usart.o(.text)
    UART4_IRQHandler                         0x08002285   Thumb Code    24  tm_stm32f4_usart.o(.text)
    UART5_IRQHandler                         0x0800229d   Thumb Code    20  tm_stm32f4_usart.o(.text)
    USART6_IRQHandler                        0x080022b1   Thumb Code    24  tm_stm32f4_usart.o(.text)
    TM_GPIO_GetPortSource                    0x080022e1   Thumb Code    10  tm_stm32f4_gpio.o(.text)
    TM_GPIO_INT_Init                         0x080022eb   Thumb Code   130  tm_stm32f4_gpio.o(.text)
    TM_GPIO_INT_EnableClock                  0x0800236d   Thumb Code    20  tm_stm32f4_gpio.o(.text)
    TM_GPIO_Init                             0x08002381   Thumb Code    34  tm_stm32f4_gpio.o(.text)
    TM_GPIO_InitAlternate                    0x080023a3   Thumb Code    92  tm_stm32f4_gpio.o(.text)
    TM_GPIO_DeInit                           0x080023ff   Thumb Code    66  tm_stm32f4_gpio.o(.text)
    TM_GPIO_SetPinAsInput                    0x08002441   Thumb Code    38  tm_stm32f4_gpio.o(.text)
    TM_GPIO_SetPinAsOutput                   0x08002467   Thumb Code    46  tm_stm32f4_gpio.o(.text)
    TM_GPIO_SetPinAsAnalog                   0x08002495   Thumb Code    38  tm_stm32f4_gpio.o(.text)
    TM_GPIO_SetPinAsAlternate                0x080024bb   Thumb Code    48  tm_stm32f4_gpio.o(.text)
    TM_GPIO_SetPullResistor                  0x080024eb   Thumb Code    46  tm_stm32f4_gpio.o(.text)
    TM_GPIO_Lock                             0x08002519   Thumb Code    16  tm_stm32f4_gpio.o(.text)
    TM_GPIO_GetPinSource                     0x08002529   Thumb Code    18  tm_stm32f4_gpio.o(.text)
    TM_GPIO_INT_DisableClock                 0x0800253b   Thumb Code    20  tm_stm32f4_gpio.o(.text)
    TM_GPIO_GetUsedPins                      0x0800254f   Thumb Code    14  tm_stm32f4_gpio.o(.text)
    TM_GPIO_GetFreePins                      0x0800255d   Thumb Code    18  tm_stm32f4_gpio.o(.text)
    TM_PWM_InitTimer                         0x0800257d   Thumb Code   242  tm_stm32f4_pwm.o(.text)
    TM_PWM_INT_InitTIM14Pins                 0x0800266f   Thumb Code    58  tm_stm32f4_pwm.o(.text)
    TM_PWM_INT_InitTIM13Pins                 0x080026a9   Thumb Code    58  tm_stm32f4_pwm.o(.text)
    TM_PWM_INT_InitTIM12Pins                 0x080026e3   Thumb Code   106  tm_stm32f4_pwm.o(.text)
    TM_PWM_INT_InitTIM11Pins                 0x0800274d   Thumb Code    58  tm_stm32f4_pwm.o(.text)
    TM_PWM_INT_InitTIM10Pins                 0x08002787   Thumb Code    58  tm_stm32f4_pwm.o(.text)
    TM_PWM_INT_InitTIM9Pins                  0x080027c1   Thumb Code    98  tm_stm32f4_pwm.o(.text)
    TM_PWM_INT_InitTIM8Pins                  0x08002823   Thumb Code   170  tm_stm32f4_pwm.o(.text)
    TM_PWM_INT_InitTIM5Pins                  0x080028cd   Thumb Code   232  tm_stm32f4_pwm.o(.text)
    TM_PWM_INT_InitTIM4Pins                  0x080029b5   Thumb Code   174  tm_stm32f4_pwm.o(.text)
    TM_PWM_INT_InitTIM3Pins                  0x08002a63   Thumb Code   210  tm_stm32f4_pwm.o(.text)
    TM_PWM_INT_InitTIM2Pins                  0x08002b35   Thumb Code   186  tm_stm32f4_pwm.o(.text)
    TM_PWM_INT_InitTIM1Pins                  0x08002bef   Thumb Code   208  tm_stm32f4_pwm.o(.text)
    TM_PWM_InitChannel                       0x08002cbf   Thumb Code   152  tm_stm32f4_pwm.o(.text)
    TM_PWM_SetChannel                        0x08002d57   Thumb Code   282  tm_stm32f4_pwm.o(.text)
    TM_PWM_SetChannelPercent                 0x08002e71   Thumb Code    60  tm_stm32f4_pwm.o(.text)
    TM_PWM_SetChannelMicros                  0x08002ead   Thumb Code    28  tm_stm32f4_pwm.o(.text)
    TM_PWMIN_INT_InitTIM14Pins               0x08002ecd   Thumb Code    58  tm_stm32f4_pwmin.o(.text)
    TM_PWMIN_INT_InitTIM13Pins               0x08002f07   Thumb Code    58  tm_stm32f4_pwmin.o(.text)
    TM_PWMIN_INT_InitTIM12Pins               0x08002f41   Thumb Code   104  tm_stm32f4_pwmin.o(.text)
    TM_PWMIN_INT_InitTIM11Pins               0x08002fa9   Thumb Code    58  tm_stm32f4_pwmin.o(.text)
    TM_PWMIN_INT_InitTIM10Pins               0x08002fe3   Thumb Code    58  tm_stm32f4_pwmin.o(.text)
    TM_PWMIN_INT_InitTIM9Pins                0x0800301d   Thumb Code    96  tm_stm32f4_pwmin.o(.text)
    TM_PWMIN_INT_InitTIM8Pins                0x0800307d   Thumb Code    96  tm_stm32f4_pwmin.o(.text)
    TM_PWMIN_INT_InitTIM5Pins                0x080030dd   Thumb Code   100  tm_stm32f4_pwmin.o(.text)
    TM_PWMIN_INT_InitTIM4Pins                0x08003141   Thumb Code   100  tm_stm32f4_pwmin.o(.text)
    TM_PWMIN_INT_InitTIM3Pins                0x080031a5   Thumb Code   140  tm_stm32f4_pwmin.o(.text)
    TM_PWMIN_INT_InitTIM2Pins                0x08003231   Thumb Code   112  tm_stm32f4_pwmin.o(.text)
    TM_PWMIN_INT_InitTIM1Pins                0x080032a1   Thumb Code   140  tm_stm32f4_pwmin.o(.text)
    TM_PWMIN_INT_InitChannel                 0x0800332d   Thumb Code   152  tm_stm32f4_pwmin.o(.text)
    TM_PWMIN_InitTimer                       0x080033c5   Thumb Code   322  tm_stm32f4_pwmin.o(.text)
    TM_PWMIN_Get                             0x08003507   Thumb Code    32  tm_stm32f4_pwmin.o(.text)
    TM_PWMIN_InterruptHandler                0x08003527   Thumb Code   304  tm_stm32f4_pwmin.o(.text)
    TM_TIMER_PROPERTIES_GetTimerProperties   0x08003699   Thumb Code   134  tm_stm32f4_timer_properties.o(.text)
    TM_TIMER_PROPERTIES_GenerateDataForWorkingFrequency 0x0800371f   Thumb Code   170  tm_stm32f4_timer_properties.o(.text)
    TM_TIMER_PROPERTIES_EnableClock          0x080037c9   Thumb Code   206  tm_stm32f4_timer_properties.o(.text)
    TM_TIMER_PROPERTIES_DisableClock         0x08003897   Thumb Code   206  tm_stm32f4_timer_properties.o(.text)
    TM_DMA_ClearFlag                         0x080039a5   Thumb Code    52  tm_stm32f4_dma.o(.text)
    TM_DMA_ClearFlags                        0x080039d9   Thumb Code     4  tm_stm32f4_dma.o(.text)
    TM_DMA_GetFlags                          0x080039dd   Thumb Code    52  tm_stm32f4_dma.o(.text)
    TM_DMA_EnableInterrupts                  0x08003a11   Thumb Code    94  tm_stm32f4_dma.o(.text)
    TM_DMA_DisableInterrupts                 0x08003a6f   Thumb Code    76  tm_stm32f4_dma.o(.text)
    TM_DMA_TransferCompleteHandler           0x08003abb   Thumb Code     2  tm_stm32f4_dma.o(.text)
    TM_DMA_HalfTransferCompleteHandler       0x08003abd   Thumb Code     2  tm_stm32f4_dma.o(.text)
    TM_DMA_TransferErrorHandler              0x08003abf   Thumb Code     2  tm_stm32f4_dma.o(.text)
    TM_DMA_DirectModeErrorHandler            0x08003ac1   Thumb Code     2  tm_stm32f4_dma.o(.text)
    TM_DMA_FIFOErrorHandler                  0x08003ac3   Thumb Code     2  tm_stm32f4_dma.o(.text)
    DMA1_Stream0_IRQHandler                  0x08003b2b   Thumb Code     6  tm_stm32f4_dma.o(.text)
    DMA1_Stream1_IRQHandler                  0x08003b31   Thumb Code     6  tm_stm32f4_dma.o(.text)
    DMA1_Stream2_IRQHandler                  0x08003b37   Thumb Code     6  tm_stm32f4_dma.o(.text)
    DMA1_Stream3_IRQHandler                  0x08003b3d   Thumb Code     6  tm_stm32f4_dma.o(.text)
    DMA1_Stream4_IRQHandler                  0x08003b43   Thumb Code     6  tm_stm32f4_dma.o(.text)
    DMA1_Stream5_IRQHandler                  0x08003b49   Thumb Code     6  tm_stm32f4_dma.o(.text)
    DMA1_Stream6_IRQHandler                  0x08003b4f   Thumb Code     6  tm_stm32f4_dma.o(.text)
    DMA1_Stream7_IRQHandler                  0x08003b55   Thumb Code     6  tm_stm32f4_dma.o(.text)
    DMA2_Stream0_IRQHandler                  0x08003b5b   Thumb Code     4  tm_stm32f4_dma.o(.text)
    DMA2_Stream1_IRQHandler                  0x08003b5f   Thumb Code     6  tm_stm32f4_dma.o(.text)
    DMA2_Stream2_IRQHandler                  0x08003b65   Thumb Code     6  tm_stm32f4_dma.o(.text)
    DMA2_Stream3_IRQHandler                  0x08003b6b   Thumb Code     6  tm_stm32f4_dma.o(.text)
    DMA2_Stream4_IRQHandler                  0x08003b71   Thumb Code     6  tm_stm32f4_dma.o(.text)
    DMA2_Stream5_IRQHandler                  0x08003b77   Thumb Code     6  tm_stm32f4_dma.o(.text)
    DMA2_Stream6_IRQHandler                  0x08003b7d   Thumb Code     6  tm_stm32f4_dma.o(.text)
    DMA2_Stream7_IRQHandler                  0x08003b83   Thumb Code     6  tm_stm32f4_dma.o(.text)
    TM_BMP180_Init                           0x08003b99   Thumb Code   148  tm_stm32f4_bmp180.o(.text)
    TM_BMP180_StartTemperature               0x08003c2d   Thumb Code    36  tm_stm32f4_bmp180.o(.text)
    TM_BMP180_ReadTemperature                0x08003c51   Thumb Code   120  tm_stm32f4_bmp180.o(.text)
    TM_BMP180_StartPressure                  0x08003cc9   Thumb Code    78  tm_stm32f4_bmp180.o(.text)
    TM_BMP180_ReadPressure                   0x08003d17   Thumb Code   570  tm_stm32f4_bmp180.o(.text)
    TM_BMP180_GetPressureAtSeaLevel          0x08003f51   Thumb Code   158  tm_stm32f4_bmp180.o(.text)
    TM_I2C_InitCustomPinsCallback            0x08003ff1   Thumb Code     2  tm_stm32f4_i2c.o(.text)
    TM_I2C3_INT_InitPins                     0x08003ff3   Thumb Code    72  tm_stm32f4_i2c.o(.text)
    TM_I2C2_INT_InitPins                     0x0800403b   Thumb Code    76  tm_stm32f4_i2c.o(.text)
    TM_I2C1_INT_InitPins                     0x08004087   Thumb Code    76  tm_stm32f4_i2c.o(.text)
    TM_I2C_Init                              0x080040d3   Thumb Code   166  tm_stm32f4_i2c.o(.text)
    TM_I2C_ReadNack                          0x08004179   Thumb Code    64  tm_stm32f4_i2c.o(.text)
    TM_I2C_Start                             0x080041b9   Thumb Code   122  tm_stm32f4_i2c.o(.text)
    TM_I2C_Stop                              0x08004233   Thumb Code    48  tm_stm32f4_i2c.o(.text)
    TM_I2C_WriteData                         0x08004263   Thumb Code    28  tm_stm32f4_i2c.o(.text)
    TM_I2C_Read                              0x0800427f   Thumb Code    50  tm_stm32f4_i2c.o(.text)
    TM_I2C_ReadAck                           0x080042b1   Thumb Code    56  tm_stm32f4_i2c.o(.text)
    TM_I2C_ReadMulti                         0x080042e9   Thumb Code    78  tm_stm32f4_i2c.o(.text)
    TM_I2C_ReadNoRegister                    0x08004337   Thumb Code    20  tm_stm32f4_i2c.o(.text)
    TM_I2C_ReadMultiNoRegister               0x0800434b   Thumb Code    52  tm_stm32f4_i2c.o(.text)
    TM_I2C_Write                             0x0800437f   Thumb Code    40  tm_stm32f4_i2c.o(.text)
    TM_I2C_WriteMulti                        0x080043a7   Thumb Code    56  tm_stm32f4_i2c.o(.text)
    TM_I2C_WriteNoRegister                   0x080043df   Thumb Code    74  tm_stm32f4_i2c.o(.text)
    TM_I2C_WriteMultiNoRegister              0x08004429   Thumb Code    46  tm_stm32f4_i2c.o(.text)
    TM_I2C_IsDeviceConnected                 0x08004457   Thumb Code    28  tm_stm32f4_i2c.o(.text)
    TM_ADC_InitADC                           0x08004475   Thumb Code   124  tm_stm32f4_adc.o(.text)
    TM_ADC_INT_InitPin                       0x080044f1   Thumb Code    20  tm_stm32f4_adc.o(.text)
    TM_ADC_INT_Channel_15_Init               0x08004505   Thumb Code    32  tm_stm32f4_adc.o(.text)
    TM_ADC_INT_Channel_14_Init               0x08004525   Thumb Code    42  tm_stm32f4_adc.o(.text)
    TM_ADC_INT_Channel_13_Init               0x0800454f   Thumb Code     6  tm_stm32f4_adc.o(.text)
    TM_ADC_INT_Channel_12_Init               0x08004555   Thumb Code     6  tm_stm32f4_adc.o(.text)
    TM_ADC_INT_Channel_11_Init               0x0800455b   Thumb Code     6  tm_stm32f4_adc.o(.text)
    TM_ADC_INT_Channel_10_Init               0x08004561   Thumb Code     6  tm_stm32f4_adc.o(.text)
    TM_ADC_INT_Channel_9_Init                0x08004567   Thumb Code    42  tm_stm32f4_adc.o(.text)
    TM_ADC_INT_Channel_8_Init                0x08004591   Thumb Code    42  tm_stm32f4_adc.o(.text)
    TM_ADC_INT_Channel_7_Init                0x080045bb   Thumb Code    42  tm_stm32f4_adc.o(.text)
    TM_ADC_INT_Channel_6_Init                0x080045e5   Thumb Code    42  tm_stm32f4_adc.o(.text)
    TM_ADC_INT_Channel_5_Init                0x0800460f   Thumb Code    42  tm_stm32f4_adc.o(.text)
    TM_ADC_INT_Channel_4_Init                0x08004639   Thumb Code    42  tm_stm32f4_adc.o(.text)
    TM_ADC_INT_Channel_3_Init                0x08004663   Thumb Code     6  tm_stm32f4_adc.o(.text)
    TM_ADC_INT_Channel_2_Init                0x08004669   Thumb Code     6  tm_stm32f4_adc.o(.text)
    TM_ADC_INT_Channel_1_Init                0x0800466f   Thumb Code     6  tm_stm32f4_adc.o(.text)
    TM_ADC_INT_Channel_0_Init                0x08004675   Thumb Code     6  tm_stm32f4_adc.o(.text)
    TM_ADC_Init                              0x0800467b   Thumb Code   162  tm_stm32f4_adc.o(.text)
    TM_ADC_Read                              0x0800471d   Thumb Code    44  tm_stm32f4_adc.o(.text)
    TM_ADC_EnableVbat                        0x08004749   Thumb Code    16  tm_stm32f4_adc.o(.text)
    TM_ADC_DisableVbat                       0x08004759   Thumb Code    16  tm_stm32f4_adc.o(.text)
    TM_ADC_ReadVbat                          0x08004769   Thumb Code    48  tm_stm32f4_adc.o(.text)
    TM_EXTI_Attach                           0x080047b9   Thumb Code   416  tm_stm32f4_exti.o(.text)
    TM_EXTI_Detach                           0x08004959   Thumb Code    38  tm_stm32f4_exti.o(.text)
    TM_EXTI_DeInit                           0x0800497f   Thumb Code    56  tm_stm32f4_exti.o(.text)
    EXTI0_IRQHandler                         0x080049b7   Thumb Code    24  tm_stm32f4_exti.o(.text)
    EXTI1_IRQHandler                         0x080049cf   Thumb Code    24  tm_stm32f4_exti.o(.text)
    EXTI2_IRQHandler                         0x080049e7   Thumb Code    24  tm_stm32f4_exti.o(.text)
    EXTI3_IRQHandler                         0x080049ff   Thumb Code    24  tm_stm32f4_exti.o(.text)
    EXTI4_IRQHandler                         0x08004a17   Thumb Code    24  tm_stm32f4_exti.o(.text)
    EXTI9_5_IRQHandler                       0x08004a2f   Thumb Code    82  tm_stm32f4_exti.o(.text)
    EXTI15_10_IRQHandler                     0x08004a81   Thumb Code   102  tm_stm32f4_exti.o(.text)
    map                                      0x08004af5   Thumb Code   116  main.o(.text)
    resetIMU                                 0x08004b69   Thumb Code    86  main.o(.text)
    interruptInit                            0x08004bbf   Thumb Code    20  main.o(.text)
    USART2_IRQHandler                        0x08004bd3   Thumb Code   290  main.o(.text)
    KalibrasiIMU                             0x08004cf5   Thumb Code   156  main.o(.text)
    TIM1_CC_IRQHandler                       0x08004d91   Thumb Code     8  main.o(.text)
    TIM4_IRQHandler                          0x08004d99   Thumb Code     8  main.o(.text)
    TIM3_IRQHandler                          0x08004da1   Thumb Code     8  main.o(.text)
    TIM5_IRQHandler                          0x08004da9   Thumb Code     8  main.o(.text)
    TIM1_BRK_TIM9_IRQHandler                 0x08004db1   Thumb Code     8  main.o(.text)
    TIM8_CC_IRQHandler                       0x08004db9   Thumb Code     8  main.o(.text)
    InitPWMIN                                0x08004dc1   Thumb Code   152  main.o(.text)
    InitPWMOUT                               0x08004e59   Thumb Code    60  main.o(.text)
    GetPWM                                   0x08004e95   Thumb Code  1192  main.o(.text)
    InitBmp                                  0x0800533d   Thumb Code    26  main.o(.text)
    GetBMP                                   0x08005357   Thumb Code   100  main.o(.text)
    KalibrasiBMP                             0x080053bb   Thumb Code   278  main.o(.text)
    ParsedataGPS_GNGLL                       0x080054d1   Thumb Code   184  main.o(.text)
    ParsedataGPS_GNGGA                       0x08005589   Thumb Code   184  main.o(.text)
    ParsedataGPS_GNRMC                       0x08005641   Thumb Code   184  main.o(.text)
    GPS_Validasi                             0x080056f9   Thumb Code   140  main.o(.text)
    dms_dd                                   0x08005785   Thumb Code   144  main.o(.text)
    GPSAccess                                0x08005815   Thumb Code   222  main.o(.text)
    BateraiMonitor                           0x080058f3   Thumb Code    66  main.o(.text)
    Airspeed                                 0x08005935   Thumb Code   172  main.o(.text)
    SendGCS                                  0x080059e1   Thumb Code   252  main.o(.text)
    main                                     0x08005add   Thumb Code   178  main.o(.text)
    NMI_Handler                              0x08005c7d   Thumb Code     2  stm32f4xx_it.o(.text)
    HardFault_Handler                        0x08005c7f   Thumb Code     2  stm32f4xx_it.o(.text)
    MemManage_Handler                        0x08005c81   Thumb Code     2  stm32f4xx_it.o(.text)
    BusFault_Handler                         0x08005c83   Thumb Code     2  stm32f4xx_it.o(.text)
    UsageFault_Handler                       0x08005c85   Thumb Code     2  stm32f4xx_it.o(.text)
    SVC_Handler                              0x08005c87   Thumb Code     2  stm32f4xx_it.o(.text)
    DebugMon_Handler                         0x08005c89   Thumb Code     2  stm32f4xx_it.o(.text)
    PendSV_Handler                           0x08005c8b   Thumb Code     2  stm32f4xx_it.o(.text)
    AltitudePID                              0x08005c8f   Thumb Code   160  stm32f4xx_it.o(.text)
    pitchPID                                 0x08005d2f   Thumb Code   190  stm32f4xx_it.o(.text)
    rollPID                                  0x08005ded   Thumb Code   186  stm32f4xx_it.o(.text)
    yawPID                                   0x08005ea7   Thumb Code   186  stm32f4xx_it.o(.text)
    Trust_Control                            0x08005f61   Thumb Code   524  stm32f4xx_it.o(.text)
    SysTick_Handler                          0x0800616d   Thumb Code    40  stm32f4xx_it.o(.text)
    SystemInit                               0x0800623b   Thumb Code    74  system_stm32f4xx.o(.text)
    SystemCoreClockUpdate                    0x08006285   Thumb Code   108  system_stm32f4xx.o(.text)
    strlen                                   0x08006315   Thumb Code    14  strlen.o(.text)
    strcpy                                   0x08006323   Thumb Code    18  strcpy.o(.text)
    atoi                                     0x08006335   Thumb Code    26  atoi.o(.text)
    __aeabi_dadd                             0x0800634f   Thumb Code   322  dadd.o(.text)
    __aeabi_dsub                             0x08006491   Thumb Code     6  dadd.o(.text)
    __aeabi_drsub                            0x08006497   Thumb Code     6  dadd.o(.text)
    __aeabi_dmul                             0x0800649d   Thumb Code   228  dmul.o(.text)
    __aeabi_ddiv                             0x08006581   Thumb Code   222  ddiv.o(.text)
    __aeabi_i2d                              0x0800665f   Thumb Code    34  dflti.o(.text)
    __aeabi_ui2d                             0x08006681   Thumb Code    26  dfltui.o(.text)
    __aeabi_d2iz                             0x0800669b   Thumb Code    62  dfixi.o(.text)
    __aeabi_d2uiz                            0x080066d9   Thumb Code    50  dfixui.o(.text)
    __aeabi_f2d                              0x0800670b   Thumb Code    38  f2d.o(.text)
    __aeabi_cdcmpeq                          0x08006731   Thumb Code     0  cdcmple.o(.text)
    __aeabi_cdcmple                          0x08006731   Thumb Code    48  cdcmple.o(.text)
    __aeabi_cdrcmple                         0x08006761   Thumb Code    48  cdrcmple.o(.text)
    __aeabi_d2f                              0x08006791   Thumb Code    56  d2f.o(.text)
    __aeabi_uidiv                            0x080067c9   Thumb Code     0  uidiv.o(.text)
    __aeabi_uidivmod                         0x080067c9   Thumb Code    44  uidiv.o(.text)
    __aeabi_uldivmod                         0x080067f5   Thumb Code    98  uldiv.o(.text)
    __aeabi_llsl                             0x08006857   Thumb Code    30  llshl.o(.text)
    _ll_shift_l                              0x08006857   Thumb Code     0  llshl.o(.text)
    __aeabi_llsr                             0x08006875   Thumb Code    32  llushr.o(.text)
    _ll_ushift_r                             0x08006875   Thumb Code     0  llushr.o(.text)
    __aeabi_lasr                             0x08006895   Thumb Code    36  llsshr.o(.text)
    _ll_sshift_r                             0x08006895   Thumb Code     0  llsshr.o(.text)
    __strtod_int                             0x080068ef   Thumb Code    90  strtod.o(.text)
    strtol                                   0x08006955   Thumb Code   112  strtol.o(.text)
    __I$use$fp                               0x080069c5   Thumb Code     0  iusefp.o(.text)
    _float_round                             0x080069c5   Thumb Code    18  fepilogue.o(.text)
    _float_epilogue                          0x080069d7   Thumb Code    92  fepilogue.o(.text)
    _double_round                            0x08006a33   Thumb Code    30  depilogue.o(.text)
    _double_epilogue                         0x08006a51   Thumb Code   156  depilogue.o(.text)
    __ARM_scalbn                             0x08006aed   Thumb Code    46  dscalb.o(.text)
    scalbn                                   0x08006aed   Thumb Code     0  dscalb.o(.text)
    _dsqrt                                   0x08006b1b   Thumb Code   162  dsqrt.o(.text)
    __aeabi_d2ulz                            0x08006bbd   Thumb Code    48  dfixul.o(.text)
    __scatterload                            0x08006bed   Thumb Code    28  init.o(.text)
    __scatterload_rt2                        0x08006bed   Thumb Code     0  init.o(.text)
    __rt_ctype_table                         0x08006c11   Thumb Code     4  ctype_o.o(.text)
    isspace                                  0x08006c19   Thumb Code    18  isspace_o.o(.text)
    _scanf_real                              0x08006d55   Thumb Code     0  scanf_fp.o(.text)
    _scanf_really_real                       0x08006d55   Thumb Code   556  scanf_fp.o(.text)
    _sgetc                                   0x08006f8d   Thumb Code    30  _sgetc.o(.text)
    _sbackspace                              0x08006fab   Thumb Code    34  _sgetc.o(.text)
    _strtoul                                 0x08006fcd   Thumb Code   158  _strtoul.o(.text)
    _chval                                   0x0800706b   Thumb Code    28  _chval.o(.text)
    __aeabi_ul2d                             0x08007087   Thumb Code    24  dfltul.o(.text)
    __decompress                             0x0800709f   Thumb Code     0  __dczerorl2.o(.text)
    __decompress1                            0x0800709f   Thumb Code    86  __dczerorl2.o(.text)
    __0sprintf                               0x080070f5   Thumb Code    34  printfa.o(i.__0sprintf)
    __1sprintf                               0x080070f5   Thumb Code     0  printfa.o(i.__0sprintf)
    __2sprintf                               0x080070f5   Thumb Code     0  printfa.o(i.__0sprintf)
    __c89sprintf                             0x080070f5   Thumb Code     0  printfa.o(i.__0sprintf)
    sprintf                                  0x080070f5   Thumb Code     0  printfa.o(i.__0sprintf)
    __ARM_fpclassify                         0x0800711d   Thumb Code    48  fpclassify.o(i.__ARM_fpclassify)
    __aeabi_errno_addr                       0x0800714d   Thumb Code     4  errno.o(i.__aeabi_errno_addr)
    __rt_errno_addr                          0x0800714d   Thumb Code     0  errno.o(i.__aeabi_errno_addr)
    __hardfp_atof                            0x08007159   Thumb Code    44  atof.o(i.__hardfp_atof)
    __hardfp_pow                             0x08007191   Thumb Code  3072  pow.o(i.__hardfp_pow)
    __hardfp_sqrt                            0x08007de1   Thumb Code   122  sqrt.o(i.__hardfp_sqrt)
    __kernel_poly                            0x08007e5b   Thumb Code   248  poly.o(i.__kernel_poly)
    __mathlib_dbl_divzero                    0x08007f59   Thumb Code    28  dunder.o(i.__mathlib_dbl_divzero)
    __mathlib_dbl_infnan2                    0x08007f89   Thumb Code    20  dunder.o(i.__mathlib_dbl_infnan2)
    __mathlib_dbl_invalid                    0x08007fa1   Thumb Code    24  dunder.o(i.__mathlib_dbl_invalid)
    __mathlib_dbl_overflow                   0x08007fc1   Thumb Code    24  dunder.o(i.__mathlib_dbl_overflow)
    __mathlib_dbl_underflow                  0x08007fe1   Thumb Code    24  dunder.o(i.__mathlib_dbl_underflow)
    __read_errno                             0x08008001   Thumb Code     6  errno.o(i.__read_errno)
    __scatterload_copy                       0x0800800d   Thumb Code    14  handlers.o(i.__scatterload_copy)
    __scatterload_null                       0x0800801b   Thumb Code     2  handlers.o(i.__scatterload_null)
    __scatterload_zeroinit                   0x0800801d   Thumb Code    14  handlers.o(i.__scatterload_zeroinit)
    __set_errno                              0x0800802d   Thumb Code     6  errno.o(i.__set_errno)
    _is_digit                                0x080081bd   Thumb Code    14  scanf_fp.o(i._is_digit)
    fabs                                     0x08008905   Thumb Code    24  fabs.o(i.fabs)
    free                                     0x0800891d   Thumb Code    76  malloc.o(i.free)
    malloc                                   0x0800896d   Thumb Code    92  malloc.o(i.malloc)
    sqrt                                     0x080089d9   Thumb Code   110  sqrt.o(i.sqrt)
    __mathlib_zero                           0x08008ae8   Data           8  qnan.o(.constdata)
    __ctype_table                            0x08008af0   Data         129  ctype_o.o(.constdata)
    Region$$Table$$Base                      0x08008c04   Number         0  anon$$obj.o(Region$$Table)
    Region$$Table$$Limit                     0x08008c24   Number         0  anon$$obj.o(Region$$Table)
    TM_DELAY_Initialized                     0x20000010   Data           1  tm_stm32f4_delay.o(.data)
    TM_Time                                  0x20000014   Data           4  tm_stm32f4_delay.o(.data)
    TM_Time2                                 0x20000018   Data           4  tm_stm32f4_delay.o(.data)
    mult                                     0x2000001c   Data           4  tm_stm32f4_delay.o(.data)
    TM_USART1                                0x20000020   Data          16  tm_stm32f4_usart.o(.data)
    TM_USART2                                0x20000030   Data          16  tm_stm32f4_usart.o(.data)
    TM_USART3                                0x20000040   Data          16  tm_stm32f4_usart.o(.data)
    TM_UART4                                 0x20000050   Data          16  tm_stm32f4_usart.o(.data)
    TM_UART5                                 0x20000060   Data          16  tm_stm32f4_usart.o(.data)
    TM_USART6                                0x20000070   Data          16  tm_stm32f4_usart.o(.data)
    IC2Value                                 0x20000084   Data           4  tm_stm32f4_pwmin.o(.data)
    DutyCycle                                0x20000088   Data           4  tm_stm32f4_pwmin.o(.data)
    Frequency                                0x2000008c   Data           4  tm_stm32f4_pwmin.o(.data)
    PWMIN_GPIO_InitStruct                    0x20000090   Data           8  tm_stm32f4_pwmin.o(.data)
    lib_initialized                          0x20000098   Data           1  tm_stm32f4_bmp180.o(.data)
    AC1                                      0x2000009a   Data           2  tm_stm32f4_bmp180.o(.data)
    AC2                                      0x2000009c   Data           2  tm_stm32f4_bmp180.o(.data)
    AC3                                      0x2000009e   Data           2  tm_stm32f4_bmp180.o(.data)
    B1                                       0x200000a0   Data           2  tm_stm32f4_bmp180.o(.data)
    B2                                       0x200000a2   Data           2  tm_stm32f4_bmp180.o(.data)
    MB                                       0x200000a4   Data           2  tm_stm32f4_bmp180.o(.data)
    MC                                       0x200000a6   Data           2  tm_stm32f4_bmp180.o(.data)
    MD                                       0x200000a8   Data           2  tm_stm32f4_bmp180.o(.data)
    AC4                                      0x200000aa   Data           2  tm_stm32f4_bmp180.o(.data)
    AC5                                      0x200000ac   Data           2  tm_stm32f4_bmp180.o(.data)
    AC6                                      0x200000ae   Data           2  tm_stm32f4_bmp180.o(.data)
    UT                                       0x200000b0   Data           2  tm_stm32f4_bmp180.o(.data)
    X1                                       0x200000b4   Data           4  tm_stm32f4_bmp180.o(.data)
    X2                                       0x200000b8   Data           4  tm_stm32f4_bmp180.o(.data)
    X3                                       0x200000bc   Data           4  tm_stm32f4_bmp180.o(.data)
    B3                                       0x200000c0   Data           4  tm_stm32f4_bmp180.o(.data)
    B5                                       0x200000c4   Data           4  tm_stm32f4_bmp180.o(.data)
    B6                                       0x200000c8   Data           4  tm_stm32f4_bmp180.o(.data)
    p                                        0x200000cc   Data           4  tm_stm32f4_bmp180.o(.data)
    B4                                       0x200000d0   Data           4  tm_stm32f4_bmp180.o(.data)
    B7                                       0x200000d4   Data           4  tm_stm32f4_bmp180.o(.data)
    UP                                       0x200000d8   Data           4  tm_stm32f4_bmp180.o(.data)
    kpr                                      0x200000ec   Data           4  main.o(.data)
    kir                                      0x200000f0   Data           4  main.o(.data)
    kdr                                      0x200000f4   Data           4  main.o(.data)
    kpp                                      0x200000f8   Data           4  main.o(.data)
    kip                                      0x200000fc   Data           4  main.o(.data)
    kdp                                      0x20000100   Data           4  main.o(.data)
    kpy                                      0x20000104   Data           4  main.o(.data)
    kiy                                      0x20000108   Data           4  main.o(.data)
    kdy                                      0x2000010c   Data           4  main.o(.data)
    counter                                  0x20000110   Data           1  main.o(.data)
    sign                                     0x20000111   Data           1  main.o(.data)
    timer1                                   0x20000114   Data           4  main.o(.data)
    timer2                                   0x20000118   Data           4  main.o(.data)
    timer3                                   0x2000011c   Data           4  main.o(.data)
    nomor_parsing2                           0x20000120   Data           4  main.o(.data)
    ke2                                      0x20000124   Data           4  main.o(.data)
    resetKalIMU                              0x20000128   Data           4  main.o(.data)
    KT                                       0x2000012c   Data           4  main.o(.data)
    KQ                                       0x20000130   Data           4  main.o(.data)
    L                                        0x20000134   Data           4  main.o(.data)
    resetKalBMP                              0x20000138   Data           4  main.o(.data)
    pidp                                     0x2000013c   Data           4  main.o(.data)
    pidr                                     0x20000140   Data           4  main.o(.data)
    pidy                                     0x20000144   Data           4  main.o(.data)
    error1                                   0x20000148   Data           4  main.o(.data)
    error2                                   0x2000014c   Data           4  main.o(.data)
    error3                                   0x20000150   Data           4  main.o(.data)
    OutpidP1                                 0x20000154   Data           4  main.o(.data)
    OutpidP2                                 0x20000158   Data           4  main.o(.data)
    OutpidP3                                 0x2000015c   Data           4  main.o(.data)
    OutpidP4                                 0x20000160   Data           4  main.o(.data)
    cek2                                     0x20000164   Data           4  main.o(.data)
    a2                                       0x20000168   Data           4  main.o(.data)
    flag2                                    0x2000016c   Data           4  main.o(.data)
    data_lat                                 0x20000170   Data           4  main.o(.data)
    data_longi                               0x20000174   Data           4  main.o(.data)
    data_time                                0x20000178   Data           4  main.o(.data)
    currentLat                               0x2000017c   Data           4  main.o(.data)
    currentLong                              0x20000180   Data           4  main.o(.data)
    rawADC                                   0x20000184   Data           4  main.o(.data)
    rawADC1                                  0x20000188   Data           4  main.o(.data)
    baterai                                  0x2000018c   Data           4  main.o(.data)
    voltage                                  0x20000190   Data           4  main.o(.data)
    pressure                                 0x20000194   Data           4  main.o(.data)
    windspeed                                0x20000198   Data           4  main.o(.data)
    dataYaw                                  0x2000019c   Data           4  main.o(.data)
    dataPitch                                0x200001a0   Data           4  main.o(.data)
    dataRoll                                 0x200001a4   Data           4  main.o(.data)
    dataYaw_1                                0x200001a8   Data           4  main.o(.data)
    dataPitch_1                              0x200001ac   Data           4  main.o(.data)
    dataRoll_1                               0x200001b0   Data           4  main.o(.data)
    dataYaw_Zero                             0x200001b4   Data           4  main.o(.data)
    dataPitch_Zero                           0x200001b8   Data           4  main.o(.data)
    dataRoll_Zero                            0x200001bc   Data           4  main.o(.data)
    Tr                                       0x200001c0   Data           4  main.o(.data)
    Tp                                       0x200001c4   Data           4  main.o(.data)
    Tz                                       0x200001c8   Data           4  main.o(.data)
    Ty                                       0x200001cc   Data           4  main.o(.data)
    w1                                       0x200001d0   Data           4  main.o(.data)
    w2                                       0x200001d4   Data           4  main.o(.data)
    w3                                       0x200001d8   Data           4  main.o(.data)
    w4                                       0x200001dc   Data           4  main.o(.data)
    NVIC_InitStructure                       0x200001e0   Data           4  main.o(.data)
    data_altitude_zero                       0x200001e4   Data           4  main.o(.data)
    altitude                                 0x200001e8   Data           4  main.o(.data)
    data_altitude                            0x200001ec   Data           4  main.o(.data)
    currentLat1                              0x200001f0   Data           8  main.o(.data)
    currentLong1                             0x200001f8   Data           8  main.o(.data)
    Re_buf                                   0x20000200   Data           8  main.o(.data)
    input1                                   0x20000208   Data           8  main.o(.data)
    input2                                   0x20000210   Data           8  main.o(.data)
    input3                                   0x20000218   Data           8  main.o(.data)
    input4                                   0x20000220   Data           8  main.o(.data)
    input5                                   0x20000228   Data           8  main.o(.data)
    input6                                   0x20000230   Data           8  main.o(.data)
    kpAl                                     0x20000238   Data           4  main.o(.data)
    kdAl                                     0x2000023c   Data           4  main.o(.data)
    derivative                               0x20000240   Data           4  main.o(.data)
    derivative1                              0x20000244   Data           4  main.o(.data)
    derivative2                              0x20000248   Data           4  main.o(.data)
    lastError1                               0x2000024c   Data           4  main.o(.data)
    lastError2                               0x20000250   Data           4  main.o(.data)
    lastError3                               0x20000254   Data           4  main.o(.data)
    errSUMR                                  0x20000258   Data           4  main.o(.data)
    errSUMP                                  0x2000025c   Data           4  main.o(.data)
    errSUMY                                  0x20000260   Data           4  main.o(.data)
    lastErrorAltitude                        0x20000264   Data           4  main.o(.data)
    hasilErrorAltitude                       0x20000268   Data           4  main.o(.data)
    errorAltitude                            0x2000026c   Data           4  main.o(.data)
    pidAl                                    0x20000270   Data           4  main.o(.data)
    HasilPidAl                               0x20000274   Data           4  main.o(.data)
    counter1                                 0x20000278   Data           4  stm32f4xx_it.o(.data)
    SystemCoreClock                          0x2000027c   Data           4  system_stm32f4xx.o(.data)
    AHBPrescTable                            0x20000280   Data          16  system_stm32f4xx.o(.data)
    __microlib_freelist                      0x20000290   Data           4  mvars.o(.data)
    __microlib_freelist_initialised          0x20000294   Data           4  mvars.o(.data)
    TM_USART1_Buffer                         0x200002b4   Data          64  tm_stm32f4_usart.o(.bss)
    TM_USART2_Buffer                         0x200002f4   Data          64  tm_stm32f4_usart.o(.bss)
    TM_USART3_Buffer                         0x20000334   Data          64  tm_stm32f4_usart.o(.bss)
    TM_UART4_Buffer                          0x20000374   Data          64  tm_stm32f4_usart.o(.bss)
    TM_UART5_Buffer                          0x200003b4   Data          64  tm_stm32f4_usart.o(.bss)
    TM_USART6_Buffer                         0x200003f4   Data          64  tm_stm32f4_usart.o(.bss)
    buffer                                   0x2000044c   Data         200  main.o(.bss)
    gps                                      0x20000514   Data         200  main.o(.bss)
    serial4                                  0x200005dc   Data         200  main.o(.bss)
    lat                                      0x200006a4   Data          15  main.o(.bss)
    lat_char                                 0x200006b3   Data          15  main.o(.bss)
    longi                                    0x200006c2   Data          15  main.o(.bss)
    longi_char                               0x200006d1   Data          15  main.o(.bss)
    valid                                    0x200006e0   Data          15  main.o(.bss)
    time                                     0x200006ef   Data          15  main.o(.bss)
    YPR                                      0x20000700   Data          12  main.o(.bss)
    PWMIN_TIM1                               0x2000070c   Data          48  main.o(.bss)
    PWMIN_TIM4                               0x2000073c   Data          48  main.o(.bss)
    PWMIN_TIM3                               0x2000076c   Data          48  main.o(.bss)
    PWMIN_TIM5                               0x2000079c   Data          48  main.o(.bss)
    PWMIN_TIM9                               0x200007cc   Data          48  main.o(.bss)
    PWMIN_TIM8                               0x200007fc   Data          48  main.o(.bss)
    TIM2_Data                                0x2000082c   Data          40  main.o(.bss)
    BMP180_Data                              0x20000854   Data          16  main.o(.bss)
    __heap_base                              0x20000868   Data           0  startup_stm32f40_41xxx.o(HEAP)
    __heap_limit                             0x20000c68   Data           0  startup_stm32f40_41xxx.o(HEAP)
    __initial_sp                             0x20001068   Data           0  startup_stm32f40_41xxx.o(STACK)



==============================================================================

Memory Map of the image

  Image Entry point : 0x08000189

  Load Region LR_IROM1 (Base: 0x08000000, Size: 0x00008ec0, Max: 0x00100000, ABSOLUTE, COMPRESSED[0x00008c7c])

    Execution Region ER_IROM1 (Exec base: 0x08000000, Load base: 0x08000000, Size: 0x00008c24, Max: 0x00100000, ABSOLUTE)

    Exec Addr    Load Addr    Size         Type   Attr      Idx    E Section Name        Object

    0x08000000   0x08000000   0x00000188   Data   RO            3    RESET               startup_stm32f40_41xxx.o
    0x08000188   0x08000188   0x00000000   Code   RO         1266  * .ARM.Collect$$$$00000000  mc_w.l(entry.o)
    0x08000188   0x08000188   0x00000004   Code   RO         1611    .ARM.Collect$$$$00000001  mc_w.l(entry2.o)
    0x0800018c   0x0800018c   0x00000004   Code   RO         1614    .ARM.Collect$$$$00000004  mc_w.l(entry5.o)
    0x08000190   0x08000190   0x00000000   Code   RO         1616    .ARM.Collect$$$$00000008  mc_w.l(entry7b.o)
    0x08000190   0x08000190   0x00000000   Code   RO         1618    .ARM.Collect$$$$0000000A  mc_w.l(entry8b.o)
    0x08000190   0x08000190   0x00000008   Code   RO         1619    .ARM.Collect$$$$0000000B  mc_w.l(entry9a.o)
    0x08000198   0x08000198   0x00000000   Code   RO         1621    .ARM.Collect$$$$0000000D  mc_w.l(entry10a.o)
    0x08000198   0x08000198   0x00000000   Code   RO         1623    .ARM.Collect$$$$0000000F  mc_w.l(entry11a.o)
    0x08000198   0x08000198   0x00000004   Code   RO         1612    .ARM.Collect$$$$00002712  mc_w.l(entry2.o)
    0x0800019c   0x0800019c   0x00000024   Code   RO            4    .text               startup_stm32f40_41xxx.o
    0x080001c0   0x080001c0   0x000000b0   Code   RO           13    .text               misc.o
    0x08000270   0x08000270   0x00000480   Code   RO          142    .text               stm32f4xx_rcc.o
    0x080006f0   0x080006f0   0x00000358   Code   RO          192    .text               stm32f4xx_usart.o
    0x08000a48   0x08000a48   0x000009dc   Code   RO          216    .text               stm32f4xx_tim.o
    0x08001424   0x08001424   0x00000360   Code   RO          265    .text               stm32f4xx_i2c.o
    0x08001784   0x08001784   0x00000354   Code   RO          289    .text               stm32f4xx_adc.o
    0x08001ad8   0x08001ad8   0x00000180   Code   RO          313    .text               tm_stm32f4_delay.o
    0x08001c58   0x08001c58   0x00000688   Code   RO          361    .text               tm_stm32f4_usart.o
    0x080022e0   0x080022e0   0x0000029c   Code   RO          400    .text               tm_stm32f4_gpio.o
    0x0800257c   0x0800257c   0x00000950   Code   RO          427    .text               tm_stm32f4_pwm.o
    0x08002ecc   0x08002ecc   0x000007cc   Code   RO          457    .text               tm_stm32f4_pwmin.o
    0x08003698   0x08003698   0x0000030c   Code   RO          487    .text               tm_stm32f4_timer_properties.o
    0x080039a4   0x080039a4   0x000001f4   Code   RO          511    .text               tm_stm32f4_dma.o
    0x08003b98   0x08003b98   0x00000456   Code   RO          577    .text               tm_stm32f4_bmp180.o
    0x08003fee   0x08003fee   0x00000002   PAD
    0x08003ff0   0x08003ff0   0x00000482   Code   RO          619    .text               tm_stm32f4_i2c.o
    0x08004472   0x08004472   0x00000002   PAD
    0x08004474   0x08004474   0x00000344   Code   RO          646    .text               tm_stm32f4_adc.o
    0x080047b8   0x080047b8   0x0000033c   Code   RO          802    .text               tm_stm32f4_exti.o
    0x08004af4   0x08004af4   0x00001188   Code   RO          856    .text               main.o
    0x08005c7c   0x08005c7c   0x0000051c   Code   RO         1115    .text               stm32f4xx_it.o
    0x08006198   0x08006198   0x0000017c   Code   RO         1153    .text               system_stm32f4xx.o
    0x08006314   0x08006314   0x0000000e   Code   RO         1269    .text               mc_w.l(strlen.o)
    0x08006322   0x08006322   0x00000012   Code   RO         1271    .text               mc_w.l(strcpy.o)
    0x08006334   0x08006334   0x0000001a   Code   RO         1562    .text               mc_w.l(atoi.o)
    0x0800634e   0x0800634e   0x0000014e   Code   RO         1564    .text               mf_w.l(dadd.o)
    0x0800649c   0x0800649c   0x000000e4   Code   RO         1566    .text               mf_w.l(dmul.o)
    0x08006580   0x08006580   0x000000de   Code   RO         1568    .text               mf_w.l(ddiv.o)
    0x0800665e   0x0800665e   0x00000022   Code   RO         1570    .text               mf_w.l(dflti.o)
    0x08006680   0x08006680   0x0000001a   Code   RO         1572    .text               mf_w.l(dfltui.o)
    0x0800669a   0x0800669a   0x0000003e   Code   RO         1574    .text               mf_w.l(dfixi.o)
    0x080066d8   0x080066d8   0x00000032   Code   RO         1576    .text               mf_w.l(dfixui.o)
    0x0800670a   0x0800670a   0x00000026   Code   RO         1578    .text               mf_w.l(f2d.o)
    0x08006730   0x08006730   0x00000030   Code   RO         1580    .text               mf_w.l(cdcmple.o)
    0x08006760   0x08006760   0x00000030   Code   RO         1582    .text               mf_w.l(cdrcmple.o)
    0x08006790   0x08006790   0x00000038   Code   RO         1584    .text               mf_w.l(d2f.o)
    0x080067c8   0x080067c8   0x0000002c   Code   RO         1625    .text               mc_w.l(uidiv.o)
    0x080067f4   0x080067f4   0x00000062   Code   RO         1627    .text               mc_w.l(uldiv.o)
    0x08006856   0x08006856   0x0000001e   Code   RO         1629    .text               mc_w.l(llshl.o)
    0x08006874   0x08006874   0x00000020   Code   RO         1631    .text               mc_w.l(llushr.o)
    0x08006894   0x08006894   0x00000024   Code   RO         1633    .text               mc_w.l(llsshr.o)
    0x080068b8   0x080068b8   0x0000009c   Code   RO         1648    .text               mc_w.l(strtod.o)
    0x08006954   0x08006954   0x00000070   Code   RO         1650    .text               mc_w.l(strtol.o)
    0x080069c4   0x080069c4   0x00000000   Code   RO         1652    .text               mc_w.l(iusefp.o)
    0x080069c4   0x080069c4   0x0000006e   Code   RO         1653    .text               mf_w.l(fepilogue.o)
    0x08006a32   0x08006a32   0x000000ba   Code   RO         1655    .text               mf_w.l(depilogue.o)
    0x08006aec   0x08006aec   0x0000002e   Code   RO         1659    .text               mf_w.l(dscalb.o)
    0x08006b1a   0x08006b1a   0x000000a2   Code   RO         1661    .text               mf_w.l(dsqrt.o)
    0x08006bbc   0x08006bbc   0x00000030   Code   RO         1663    .text               mf_w.l(dfixul.o)
    0x08006bec   0x08006bec   0x00000024   Code   RO         1665    .text               mc_w.l(init.o)
    0x08006c10   0x08006c10   0x00000008   Code   RO         1669    .text               mc_w.l(ctype_o.o)
    0x08006c18   0x08006c18   0x00000012   Code   RO         1691    .text               mc_w.l(isspace_o.o)
    0x08006c2a   0x08006c2a   0x00000002   PAD
    0x08006c2c   0x08006c2c   0x00000360   Code   RO         1697    .text               mc_w.l(scanf_fp.o)
    0x08006f8c   0x08006f8c   0x00000040   Code   RO         1701    .text               mc_w.l(_sgetc.o)
    0x08006fcc   0x08006fcc   0x0000009e   Code   RO         1703    .text               mc_w.l(_strtoul.o)
    0x0800706a   0x0800706a   0x0000001c   Code   RO         1708    .text               mc_w.l(_chval.o)
    0x08007086   0x08007086   0x00000018   Code   RO         1710    .text               mf_w.l(dfltul.o)
    0x0800709e   0x0800709e   0x00000056   Code   RO         1720    .text               mc_w.l(__dczerorl2.o)
    0x080070f4   0x080070f4   0x00000028   Code   RO         1508    i.__0sprintf        mc_w.l(printfa.o)
    0x0800711c   0x0800711c   0x00000030   Code   RO         1606    i.__ARM_fpclassify  m_wm.l(fpclassify.o)
    0x0800714c   0x0800714c   0x00000008   Code   RO         1641    i.__aeabi_errno_addr  mc_w.l(errno.o)
    0x08007154   0x08007154   0x00000004   PAD
    0x08007158   0x08007158   0x00000038   Code   RO         1234    i.__hardfp_atof     m_wm.l(atof.o)
    0x08007190   0x08007190   0x00000c50   Code   RO         1240    i.__hardfp_pow      m_wm.l(pow.o)
    0x08007de0   0x08007de0   0x0000007a   Code   RO         1254    i.__hardfp_sqrt     m_wm.l(sqrt.o)
    0x08007e5a   0x08007e5a   0x000000f8   Code   RO         1608    i.__kernel_poly     m_wm.l(poly.o)
    0x08007f52   0x08007f52   0x00000006   PAD
    0x08007f58   0x08007f58   0x00000030   Code   RO         1586    i.__mathlib_dbl_divzero  m_wm.l(dunder.o)
    0x08007f88   0x08007f88   0x00000014   Code   RO         1588    i.__mathlib_dbl_infnan2  m_wm.l(dunder.o)
    0x08007f9c   0x08007f9c   0x00000004   PAD
    0x08007fa0   0x08007fa0   0x00000020   Code   RO         1589    i.__mathlib_dbl_invalid  m_wm.l(dunder.o)
    0x08007fc0   0x08007fc0   0x00000020   Code   RO         1590    i.__mathlib_dbl_overflow  m_wm.l(dunder.o)
    0x08007fe0   0x08007fe0   0x00000020   Code   RO         1592    i.__mathlib_dbl_underflow  m_wm.l(dunder.o)
    0x08008000   0x08008000   0x0000000c   Code   RO         1642    i.__read_errno      mc_w.l(errno.o)
    0x0800800c   0x0800800c   0x0000000e   Code   RO         1714    i.__scatterload_copy  mc_w.l(handlers.o)
    0x0800801a   0x0800801a   0x00000002   Code   RO         1715    i.__scatterload_null  mc_w.l(handlers.o)
    0x0800801c   0x0800801c   0x0000000e   Code   RO         1716    i.__scatterload_zeroinit  mc_w.l(handlers.o)
    0x0800802a   0x0800802a   0x00000002   PAD
    0x0800802c   0x0800802c   0x0000000c   Code   RO         1643    i.__set_errno       mc_w.l(errno.o)
    0x08008038   0x08008038   0x00000184   Code   RO         1513    i._fp_digits        mc_w.l(printfa.o)
    0x080081bc   0x080081bc   0x0000000e   Code   RO         1699    i._is_digit         mc_w.l(scanf_fp.o)
    0x080081ca   0x080081ca   0x00000002   PAD
    0x080081cc   0x080081cc   0x000006dc   Code   RO         1514    i._printf_core      mc_w.l(printfa.o)
    0x080088a8   0x080088a8   0x00000024   Code   RO         1515    i._printf_post_padding  mc_w.l(printfa.o)
    0x080088cc   0x080088cc   0x0000002e   Code   RO         1516    i._printf_pre_padding  mc_w.l(printfa.o)
    0x080088fa   0x080088fa   0x0000000a   Code   RO         1518    i._sputc            mc_w.l(printfa.o)
    0x08008904   0x08008904   0x00000018   Code   RO         1602    i.fabs              m_wm.l(fabs.o)
    0x0800891c   0x0800891c   0x00000050   Code   RO         1534    i.free              mc_w.l(malloc.o)
    0x0800896c   0x0800896c   0x0000006c   Code   RO         1535    i.malloc            mc_w.l(malloc.o)
    0x080089d8   0x080089d8   0x0000006e   Code   RO         1256    i.sqrt              m_wm.l(sqrt.o)
    0x08008a46   0x08008a46   0x00000014   Data   RO          512    .constdata          tm_stm32f4_dma.o
    0x08008a5a   0x08008a5a   0x00000006   PAD
    0x08008a60   0x08008a60   0x00000088   Data   RO         1243    .constdata          m_wm.l(pow.o)
    0x08008ae8   0x08008ae8   0x00000008   Data   RO         1610    .constdata          m_wm.l(qnan.o)
    0x08008af0   0x08008af0   0x00000081   Data   RO         1670    .constdata          mc_w.l(ctype_o.o)
    0x08008b71   0x08008b71   0x00000003   PAD
    0x08008b74   0x08008b74   0x00000004   Data   RO         1671    .constdata          mc_w.l(ctype_o.o)
    0x08008b78   0x08008b78   0x0000008c   Data   RO          867    .conststring        main.o
    0x08008c04   0x08008c04   0x00000020   Data   RO         1712    Region$$Table       anon$$obj.o


    Execution Region RW_IRAM1 (Exec base: 0x20000000, Load base: 0x08008c24, Size: 0x00001068, Max: 0x00020000, ABSOLUTE, COMPRESSED[0x00000058])

    Exec Addr    Load Addr    Size         Type   Attr      Idx    E Section Name        Object

    0x20000000   COMPRESSED   0x00000010   Data   RW          143    .data               stm32f4xx_rcc.o
    0x20000010   COMPRESSED   0x00000010   Data   RW          316    .data               tm_stm32f4_delay.o
    0x20000020   COMPRESSED   0x00000060   Data   RW          368    .data               tm_stm32f4_usart.o
    0x20000080   COMPRESSED   0x00000018   Data   RW          458    .data               tm_stm32f4_pwmin.o
    0x20000098   COMPRESSED   0x00000044   Data   RW          578    .data               tm_stm32f4_bmp180.o
    0x200000dc   COMPRESSED   0x00000010   Data   RW          620    .data               tm_stm32f4_i2c.o
    0x200000ec   COMPRESSED   0x00000004   Data   RW          868    .data               main.o
    0x200000f0   COMPRESSED   0x00000004   Data   RW          869    .data               main.o
    0x200000f4   COMPRESSED   0x00000004   Data   RW          870    .data               main.o
    0x200000f8   COMPRESSED   0x00000004   Data   RW          871    .data               main.o
    0x200000fc   COMPRESSED   0x00000004   Data   RW          872    .data               main.o
    0x20000100   COMPRESSED   0x00000004   Data   RW          873    .data               main.o
    0x20000104   COMPRESSED   0x00000004   Data   RW          874    .data               main.o
    0x20000108   COMPRESSED   0x00000004   Data   RW          875    .data               main.o
    0x2000010c   COMPRESSED   0x00000004   Data   RW          876    .data               main.o
    0x20000110   COMPRESSED   0x00000128   Data   RW          877    .data               main.o
    0x20000238   COMPRESSED   0x00000004   Data   RW          879    .data               main.o
    0x2000023c   COMPRESSED   0x00000004   Data   RW          880    .data               main.o
    0x20000240   COMPRESSED   0x00000004   Data   RW          882    .data               main.o
    0x20000244   COMPRESSED   0x00000004   Data   RW          883    .data               main.o
    0x20000248   COMPRESSED   0x00000004   Data   RW          884    .data               main.o
    0x2000024c   COMPRESSED   0x00000004   Data   RW          886    .data               main.o
    0x20000250   COMPRESSED   0x00000004   Data   RW          888    .data               main.o
    0x20000254   COMPRESSED   0x00000004   Data   RW          890    .data               main.o
    0x20000258   COMPRESSED   0x00000004   Data   RW          899    .data               main.o
    0x2000025c   COMPRESSED   0x00000004   Data   RW          901    .data               main.o
    0x20000260   COMPRESSED   0x00000004   Data   RW          902    .data               main.o
    0x20000264   COMPRESSED   0x00000004   Data   RW          903    .data               main.o
    0x20000268   COMPRESSED   0x00000004   Data   RW          904    .data               main.o
    0x2000026c   COMPRESSED   0x00000004   Data   RW          906    .data               main.o
    0x20000270   COMPRESSED   0x00000004   Data   RW          907    .data               main.o
    0x20000274   COMPRESSED   0x00000004   Data   RW          908    .data               main.o
    0x20000278   COMPRESSED   0x00000004   Data   RW         1116    .data               stm32f4xx_it.o
    0x2000027c   COMPRESSED   0x00000014   Data   RW         1154    .data               system_stm32f4xx.o
    0x20000290   COMPRESSED   0x00000004   Data   RW         1639    .data               mc_w.l(mvars.o)
    0x20000294   COMPRESSED   0x00000004   Data   RW         1640    .data               mc_w.l(mvars.o)
    0x20000298   COMPRESSED   0x00000004   Data   RW         1644    .data               mc_w.l(errno.o)
    0x2000029c        -       0x00000018   Zero   RW          314    .bss                tm_stm32f4_delay.o
    0x200002b4        -       0x00000040   Zero   RW          362    .bss                tm_stm32f4_usart.o
    0x200002f4        -       0x00000040   Zero   RW          363    .bss                tm_stm32f4_usart.o
    0x20000334        -       0x00000040   Zero   RW          364    .bss                tm_stm32f4_usart.o
    0x20000374        -       0x00000040   Zero   RW          365    .bss                tm_stm32f4_usart.o
    0x200003b4        -       0x00000040   Zero   RW          366    .bss                tm_stm32f4_usart.o
    0x200003f4        -       0x00000040   Zero   RW          367    .bss                tm_stm32f4_usart.o
    0x20000434        -       0x00000016   Zero   RW          401    .bss                tm_stm32f4_gpio.o
    0x2000044a   COMPRESSED   0x00000002   PAD
    0x2000044c        -       0x00000418   Zero   RW          857    .bss                main.o
    0x20000864   COMPRESSED   0x00000004   PAD
    0x20000868        -       0x00000400   Zero   RW            2    HEAP                startup_stm32f40_41xxx.o
    0x20000c68        -       0x00000400   Zero   RW            1    STACK               startup_stm32f40_41xxx.o


==============================================================================

Image component sizes


      Code (inc. data)   RO Data    RW Data    ZI Data      Debug   Object Name

      4488        570        140        396       1048     261059   main.o
       176         12          0          0          0     313973   misc.o
        36          8        392          0       2048       1072   startup_stm32f40_41xxx.o
       852         20          0          0          0      11374   stm32f4xx_adc.o
       864         20          0          0          0       9623   stm32f4xx_i2c.o
      1308        256          0          4          0       2925   stm32f4xx_it.o
      1152         48          0         16          0      13924   stm32f4xx_rcc.o
      2524         52          0          0          0      24454   stm32f4xx_tim.o
       856         32          0          0          0       8720   stm32f4xx_usart.o
       380         36          0         20          0       2111   system_stm32f4xx.o
       836         32          0          0          0       7505   tm_stm32f4_adc.o
      1110         82          0         68          0       7324   tm_stm32f4_bmp180.o
       384         20          0         16         24      33598   tm_stm32f4_delay.o
       500         16         20          0          0      32457   tm_stm32f4_dma.o
       828         14          0          0          0       4228   tm_stm32f4_exti.o
       668         14          0          0         22       5622   tm_stm32f4_gpio.o
      1154         44          0         16          0       7511   tm_stm32f4_i2c.o
      2384        130          0          0          0      11002   tm_stm32f4_pwm.o
      1996         98          0         24          0       9607   tm_stm32f4_pwmin.o
       780         64          0          0          0       2930   tm_stm32f4_timer_properties.o
      1672         76          0         96        384      15185   tm_stm32f4_usart.o

    ----------------------------------------------------------------------
     24952       1644        590        656       3532     786204   Object Totals
         0          0         32          0          0          0   (incl. Generated)
         4          0          6          0          6          0   (incl. Padding)

    ----------------------------------------------------------------------

      Code (inc. data)   RO Data    RW Data    ZI Data      Debug   Library Member Name

        56         12          0          0          0        132   atof.o
       164         44          0          0          0        620   dunder.o
        24          0          0          0          0        124   fabs.o
        48          0          0          0          0        124   fpclassify.o
       248          0          0          0          0        152   poly.o
      3152        296        136          0          0        352   pow.o
         0          0          8          0          0          0   qnan.o
       232          0          0          0          0        296   sqrt.o
        86          0          0          0          0          0   __dczerorl2.o
        28          0          0          0          0         68   _chval.o
        64          0          0          0          0         84   _sgetc.o
       158          0          0          0          0         92   _strtoul.o
        26          0          0          0          0         80   atoi.o
         8          4        133          0          0         68   ctype_o.o
         0          0          0          0          0          0   entry.o
         0          0          0          0          0          0   entry10a.o
         0          0          0          0          0          0   entry11a.o
         8          4          0          0          0          0   entry2.o
         4          0          0          0          0          0   entry5.o
         0          0          0          0          0          0   entry7b.o
         0          0          0          0          0          0   entry8b.o
         8          4          0          0          0          0   entry9a.o
        32         16          0          4          0        204   errno.o
        30          0          0          0          0          0   handlers.o
        36          8          0          0          0         68   init.o
        18          0          0          0          0         76   isspace_o.o
         0          0          0          0          0          0   iusefp.o
        30          0          0          0          0         68   llshl.o
        36          0          0          0          0         68   llsshr.o
        32          0          0          0          0         68   llushr.o
       188         20          0          0          0        160   malloc.o
         0          0          0          8          0          0   mvars.o
      2276         86          0          0          0        520   printfa.o
       878         12          0          0          0        216   scanf_fp.o
        18          0          0          0          0         68   strcpy.o
        14          0          0          0          0         68   strlen.o
       156         12          0          0          0        120   strtod.o
       112          0          0          0          0         88   strtol.o
        44          0          0          0          0         80   uidiv.o
        98          0          0          0          0         92   uldiv.o
        48          0          0          0          0         68   cdcmple.o
        48          0          0          0          0         68   cdrcmple.o
        56          0          0          0          0         88   d2f.o
       334          0          0          0          0        148   dadd.o
       222          0          0          0          0        100   ddiv.o
       186          0          0          0          0        176   depilogue.o
        62          0          0          0          0         80   dfixi.o
        50          0          0          0          0         76   dfixui.o
        48          0          0          0          0         68   dfixul.o
        34          0          0          0          0         76   dflti.o
        26          0          0          0          0         76   dfltui.o
        24          0          0          0          0         76   dfltul.o
       228          0          0          0          0         96   dmul.o
        46          0          0          0          0         80   dscalb.o
       162          0          0          0          0        100   dsqrt.o
        38          0          0          0          0         68   f2d.o
       110          0          0          0          0        168   fepilogue.o

    ----------------------------------------------------------------------
     10054        522        280         12          0       5768   Library Totals
        20          4          3          0          0          0   (incl. Padding)

    ----------------------------------------------------------------------

      Code (inc. data)   RO Data    RW Data    ZI Data      Debug   Library Name

      3924        352        144          0          0       1800   m_wm.l
      4388        166        133         12          0       2356   mc_w.l
      1722          0          0          0          0       1612   mf_w.l

    ----------------------------------------------------------------------
     10054        522        280         12          0       5768   Library Totals

    ----------------------------------------------------------------------

==============================================================================


      Code (inc. data)   RO Data    RW Data    ZI Data      Debug   

     35006       2166        870        668       3532     783672   Grand Totals
     35006       2166        870         88       3532     783672   ELF Image Totals (compressed)
     35006       2166        870         88          0          0   ROM Totals

==============================================================================

    Total RO  Size (Code + RO Data)                35876 (  35.04kB)
    Total RW  Size (RW Data + ZI Data)              4200 (   4.10kB)
    Total ROM Size (Code + RO Data + RW Data)      35964 (  35.12kB)

==============================================================================

